2026-08-14 03:45:28,646 - INFO - kronx - [req:system] - [http.py:10] - Initializing HTTP client connection pool...
2026-08-14 03:45:29,405 - ERROR - kronx - [req:system] - [store.py:43] - Memory store JSON corrupted: Expecting property name enclosed in double quotes: line 1 column 3 (char 2)
Traceback (most recent call last):
  File "C:\Users\admin\Desktop\Kron-X\backend\memory\store.py", line 41, in _load
    self._cache = json.load(f)
                  ^^^^^^^^^^^^
  File "C:\Users\admin\AppData\Local\Programs\Python\Python312\Lib\json\__init__.py", line 293, in load
    return loads(fp.read(),
           ^^^^^^^^^^^^^^^^
  File "C:\Users\admin\AppData\Local\Programs\Python\Python312\Lib\json\__init__.py", line 346, in loads
    return _default_decoder.decode(s)
           ^^^^^^^^^^^^^^^^^^^^^^^^^^
  File "C:\Users\admin\AppData\Local\Programs\Python\Python312\Lib\json\decoder.py", line 338, in decode
    obj, end = self.raw_decode(s, idx=_w(s, 0).end())
               ^^^^^^^^^^^^^^^^^^^^^^^^^^^^^^^^^^^^^^
  File "C:\Users\admin\AppData\Local\Programs\Python\Python312\Lib\json\decoder.py", line 354, in raw_decode
    obj, end = self.scan_once(s, idx)
               ^^^^^^^^^^^^^^^^^^^^^^
json.decoder.JSONDecodeError: Expecting property name enclosed in double quotes: line 1 column 3 (char 2)
2026-08-14 03:45:29,442 - WARNING - kronx - [req:system] - [store.py:49] - Saved corrupted memory file to C:\Users\admin\AppData\Local\Temp\tmpz4nrixin\test_memory_store.json.corrupt.1786668329
2026-08-14 03:46:07,250 - INFO - kronx - [req:system] - [http.py:10] - Initializing HTTP client connection pool...
2026-08-14 03:46:07,870 - ERROR - kronx - [req:system] - [store.py:43] - Memory store JSON corrupted: Expecting property name enclosed in double quotes: line 1 column 3 (char 2)
Traceback (most recent call last):
  File "C:\Users\admin\Desktop\Kron-X\backend\memory\store.py", line 41, in _load
    self._cache = json.load(f)
                  ^^^^^^^^^^^^
  File "C:\Users\admin\AppData\Local\Programs\Python\Python312\Lib\json\__init__.py", line 293, in load
    return loads(fp.read(),
           ^^^^^^^^^^^^^^^^
  File "C:\Users\admin\AppData\Local\Programs\Python\Python312\Lib\json\__init__.py", line 346, in loads
    return _default_decoder.decode(s)
           ^^^^^^^^^^^^^^^^^^^^^^^^^^
  File "C:\Users\admin\AppData\Local\Programs\Python\Python312\Lib\json\decoder.py", line 338, in decode
    obj, end = self.raw_decode(s, idx=_w(s, 0).end())
               ^^^^^^^^^^^^^^^^^^^^^^^^^^^^^^^^^^^^^^
  File "C:\Users\admin\AppData\Local\Programs\Python\Python312\Lib\json\decoder.py", line 354, in raw_decode
    obj, end = self.scan_once(s, idx)
               ^^^^^^^^^^^^^^^^^^^^^^
json.decoder.JSONDecodeError: Expecting property name enclosed in double quotes: line 1 column 3 (char 2)
2026-08-14 03:46:07,873 - WARNING - kronx - [req:system] - [store.py:49] - Saved corrupted memory file to C:\Users\admin\AppData\Local\Temp\tmp2ghltjjg\test_memory_store.json.corrupt.1786668367
2026-08-14 03:46:08,856 - INFO - kronx - [req:faa121a0] - [main.py:38] - Started POST "/api/payment/mobile-money/webhook"
2026-08-14 03:46:08,864 - CRITICAL - kronx - [req:faa121a0] - [main.py:211] - PAYMENT_WEBHOOK_SECRET is not configured in the environment. Webhook is locked down (Fail-Closed).
2026-08-14 03:46:08,865 - INFO - kronx - [req:faa121a0] - [main.py:41] - Finished POST "/api/payment/mobile-money/webhook" status=500
2026-08-14 03:46:08,872 - INFO - kronx - [req:a120f657] - [main.py:38] - Started POST "/api/payment/mobile-money/webhook"
2026-08-14 03:46:08,873 - WARNING - kronx - [req:a120f657] - [main.py:216] - Unauthorized payment webhook request from phone=255700000000 ref=tx_ref_101
2026-08-14 03:46:08,873 - INFO - kronx - [req:a120f657] - [main.py:41] - Finished POST "/api/payment/mobile-money/webhook" status=401
2026-08-14 03:46:08,877 - INFO - kronx - [req:4c5d8d38] - [main.py:38] - Started POST "/api/payment/mobile-money/webhook"
2026-08-14 03:46:08,878 - INFO - kronx - [req:4c5d8d38] - [main.py:234] - Payment verified for PJKRONX Plus: TZS 15,000 ref=tx_ref_101
2026-08-14 03:46:08,878 - INFO - kronx - [req:4c5d8d38] - [main.py:41] - Finished POST "/api/payment/mobile-money/webhook" status=200
2026-08-14 03:50:32,809 - INFO - kronx - [req:system] - [http.py:10] - Initializing HTTP client connection pool...
2026-08-14 03:50:33,426 - ERROR - kronx - [req:system] - [store.py:44] - Memory store JSON corrupted: Expecting property name enclosed in double quotes: line 1 column 3 (char 2)
Traceback (most recent call last):
  File "C:\Users\admin\Desktop\Kron-X\backend\memory\store.py", line 42, in _load_under_lock
    self._cache = json.load(f)
                  ^^^^^^^^^^^^
  File "C:\Users\admin\AppData\Local\Programs\Python\Python312\Lib\json\__init__.py", line 293, in load
    return loads(fp.read(),
           ^^^^^^^^^^^^^^^^
  File "C:\Users\admin\AppData\Local\Programs\Python\Python312\Lib\json\__init__.py", line 346, in loads
    return _default_decoder.decode(s)
           ^^^^^^^^^^^^^^^^^^^^^^^^^^
  File "C:\Users\admin\AppData\Local\Programs\Python\Python312\Lib\json\decoder.py", line 338, in decode
    obj, end = self.raw_decode(s, idx=_w(s, 0).end())
               ^^^^^^^^^^^^^^^^^^^^^^^^^^^^^^^^^^^^^^
  File "C:\Users\admin\AppData\Local\Programs\Python\Python312\Lib\json\decoder.py", line 354, in raw_decode
    obj, end = self.scan_once(s, idx)
               ^^^^^^^^^^^^^^^^^^^^^^
json.decoder.JSONDecodeError: Expecting property name enclosed in double quotes: line 1 column 3 (char 2)
2026-08-14 03:50:33,428 - WARNING - kronx - [req:system] - [store.py:49] - Saved corrupted memory file to C:\Users\admin\AppData\Local\Temp\tmpf9nmgpcm\test_memory_store.json.corrupt.1786668633
2026-08-14 03:50:33,861 - INFO - kronx - [req:fb97fa05] - [main.py:38] - Started POST "/api/payment/mobile-money/webhook"
2026-08-14 03:50:33,866 - CRITICAL - kronx - [req:fb97fa05] - [main.py:211] - PAYMENT_WEBHOOK_SECRET is not configured in the environment. Webhook is locked down (Fail-Closed).
2026-08-14 03:50:33,867 - INFO - kronx - [req:fb97fa05] - [main.py:41] - Finished POST "/api/payment/mobile-money/webhook" status=500
2026-08-14 03:50:33,873 - INFO - kronx - [req:ab109586] - [main.py:38] - Started POST "/api/payment/mobile-money/webhook"
2026-08-14 03:50:33,874 - WARNING - kronx - [req:ab109586] - [main.py:216] - Unauthorized payment webhook request from phone=255700000000 ref=tx_ref_101
2026-08-14 03:50:33,874 - INFO - kronx - [req:ab109586] - [main.py:41] - Finished POST "/api/payment/mobile-money/webhook" status=401
2026-08-14 03:50:33,879 - INFO - kronx - [req:58ec8da6] - [main.py:38] - Started POST "/api/payment/mobile-money/webhook"
2026-08-14 03:50:33,879 - INFO - kronx - [req:58ec8da6] - [main.py:234] - Payment verified for PJKRONX Plus: TZS 15,000 ref=tx_ref_101
2026-08-14 03:50:33,880 - INFO - kronx - [req:58ec8da6] - [main.py:41] - Finished POST "/api/payment/mobile-money/webhook" status=200
2026-08-14 03:50:48,665 - INFO - kronx - [req:system] - [http.py:10] - Initializing HTTP client connection pool...
2026-08-14 03:50:49,250 - ERROR - kronx - [req:system] - [store.py:44] - Memory store JSON corrupted: Expecting property name enclosed in double quotes: line 1 column 3 (char 2)
Traceback (most recent call last):
  File "C:\Users\admin\Desktop\Kron-X\backend\memory\store.py", line 42, in _load_under_lock
    self._cache = json.load(f)
                  ^^^^^^^^^^^^
  File "C:\Users\admin\AppData\Local\Programs\Python\Python312\Lib\json\__init__.py", line 293, in load
    return loads(fp.read(),
           ^^^^^^^^^^^^^^^^
  File "C:\Users\admin\AppData\Local\Programs\Python\Python312\Lib\json\__init__.py", line 346, in loads
    return _default_decoder.decode(s)
           ^^^^^^^^^^^^^^^^^^^^^^^^^^
  File "C:\Users\admin\AppData\Local\Programs\Python\Python312\Lib\json\decoder.py", line 338, in decode
    obj, end = self.raw_decode(s, idx=_w(s, 0).end())
               ^^^^^^^^^^^^^^^^^^^^^^^^^^^^^^^^^^^^^^
  File "C:\Users\admin\AppData\Local\Programs\Python\Python312\Lib\json\decoder.py", line 354, in raw_decode
    obj, end = self.scan_once(s, idx)
               ^^^^^^^^^^^^^^^^^^^^^^
json.decoder.JSONDecodeError: Expecting property name enclosed in double quotes: line 1 column 3 (char 2)
2026-08-14 03:50:49,252 - WARNING - kronx - [req:system] - [store.py:49] - Saved corrupted memory file to C:\Users\admin\AppData\Local\Temp\tmppn9lyxan\test_memory_store.json.corrupt.1786668649
2026-08-14 03:50:49,684 - INFO - kronx - [req:ebed309f] - [main.py:38] - Started POST "/api/payment/mobile-money/webhook"
2026-08-14 03:50:49,690 - CRITICAL - kronx - [req:ebed309f] - [main.py:211] - PAYMENT_WEBHOOK_SECRET is not configured in the environment. Webhook is locked down (Fail-Closed).
2026-08-14 03:50:49,690 - INFO - kronx - [req:ebed309f] - [main.py:41] - Finished POST "/api/payment/mobile-money/webhook" status=500
2026-08-14 03:50:49,696 - INFO - kronx - [req:6e5883b7] - [main.py:38] - Started POST "/api/payment/mobile-money/webhook"
2026-08-14 03:50:49,697 - WARNING - kronx - [req:6e5883b7] - [main.py:216] - Unauthorized payment webhook request from phone=255700000000 ref=tx_ref_101
2026-08-14 03:50:49,697 - INFO - kronx - [req:6e5883b7] - [main.py:41] - Finished POST "/api/payment/mobile-money/webhook" status=401
2026-08-14 03:50:49,700 - INFO - kronx - [req:ec35a7ce] - [main.py:38] - Started POST "/api/payment/mobile-money/webhook"
2026-08-14 03:50:49,701 - INFO - kronx - [req:ec35a7ce] - [main.py:234] - Payment verified for PJKRONX Plus: TZS 15,000 ref=tx_ref_101
2026-08-14 03:50:49,701 - INFO - kronx - [req:ec35a7ce] - [main.py:41] - Finished POST "/api/payment/mobile-money/webhook" status=200
2026-08-14 03:51:24,866 - INFO - kronx - [req:system] - [http.py:10] - Initializing HTTP client connection pool...
2026-08-14 03:51:25,454 - ERROR - kronx - [req:system] - [store.py:44] - Memory store JSON corrupted: Expecting property name enclosed in double quotes: line 1 column 3 (char 2)
Traceback (most recent call last):
  File "C:\Users\admin\Desktop\Kron-X\backend\memory\store.py", line 42, in _load_under_lock
    self._cache = json.load(f)
                  ^^^^^^^^^^^^
  File "C:\Users\admin\AppData\Local\Programs\Python\Python312\Lib\json\__init__.py", line 293, in load
    return loads(fp.read(),
           ^^^^^^^^^^^^^^^^
  File "C:\Users\admin\AppData\Local\Programs\Python\Python312\Lib\json\__init__.py", line 346, in loads
    return _default_decoder.decode(s)
           ^^^^^^^^^^^^^^^^^^^^^^^^^^
  File "C:\Users\admin\AppData\Local\Programs\Python\Python312\Lib\json\decoder.py", line 338, in decode
    obj, end = self.raw_decode(s, idx=_w(s, 0).end())
               ^^^^^^^^^^^^^^^^^^^^^^^^^^^^^^^^^^^^^^
  File "C:\Users\admin\AppData\Local\Programs\Python\Python312\Lib\json\decoder.py", line 354, in raw_decode
    obj, end = self.scan_once(s, idx)
               ^^^^^^^^^^^^^^^^^^^^^^
json.decoder.JSONDecodeError: Expecting property name enclosed in double quotes: line 1 column 3 (char 2)
2026-08-14 03:51:25,457 - WARNING - kronx - [req:system] - [store.py:49] - Saved corrupted memory file to C:\Users\admin\AppData\Local\Temp\tmpd8cdur9l\test_memory_store.json.corrupt.1786668685
2026-08-14 03:51:25,898 - INFO - kronx - [req:4d996c54] - [main.py:38] - Started POST "/api/payment/mobile-money/webhook"
2026-08-14 03:51:25,903 - CRITICAL - kronx - [req:4d996c54] - [main.py:211] - PAYMENT_WEBHOOK_SECRET is not configured in the environment. Webhook is locked down (Fail-Closed).
2026-08-14 03:51:25,904 - INFO - kronx - [req:4d996c54] - [main.py:41] - Finished POST "/api/payment/mobile-money/webhook" status=500
2026-08-14 03:51:25,910 - INFO - kronx - [req:6cd1b7e6] - [main.py:38] - Started POST "/api/payment/mobile-money/webhook"
2026-08-14 03:51:25,911 - WARNING - kronx - [req:6cd1b7e6] - [main.py:216] - Unauthorized payment webhook request from phone=255700000000 ref=tx_ref_101
2026-08-14 03:51:25,911 - INFO - kronx - [req:6cd1b7e6] - [main.py:41] - Finished POST "/api/payment/mobile-money/webhook" status=401
2026-08-14 03:51:25,915 - INFO - kronx - [req:b8306b33] - [main.py:38] - Started POST "/api/payment/mobile-money/webhook"
2026-08-14 03:51:25,916 - INFO - kronx - [req:b8306b33] - [main.py:234] - Payment verified for PJKRONX Plus: TZS 15,000 ref=tx_ref_101
2026-08-14 03:51:25,917 - INFO - kronx - [req:b8306b33] - [main.py:41] - Finished POST "/api/payment/mobile-money/webhook" status=200
2026-08-14 03:51:50,195 - INFO - kronx - [req:system] - [http.py:10] - Initializing HTTP client connection pool...
2026-08-14 03:51:50,902 - ERROR - kronx - [req:system] - [store.py:44] - Memory store JSON corrupted: Expecting property name enclosed in double quotes: line 1 column 3 (char 2)
Traceback (most recent call last):
  File "C:\Users\admin\Desktop\Kron-X\backend\memory\store.py", line 42, in _load_under_lock
    self._cache = json.load(f)
                  ^^^^^^^^^^^^
  File "C:\Users\admin\AppData\Local\Programs\Python\Python312\Lib\json\__init__.py", line 293, in load
    return loads(fp.read(),
           ^^^^^^^^^^^^^^^^
  File "C:\Users\admin\AppData\Local\Programs\Python\Python312\Lib\json\__init__.py", line 346, in loads
    return _default_decoder.decode(s)
           ^^^^^^^^^^^^^^^^^^^^^^^^^^
  File "C:\Users\admin\AppData\Local\Programs\Python\Python312\Lib\json\decoder.py", line 338, in decode
    obj, end = self.raw_decode(s, idx=_w(s, 0).end())
               ^^^^^^^^^^^^^^^^^^^^^^^^^^^^^^^^^^^^^^
  File "C:\Users\admin\AppData\Local\Programs\Python\Python312\Lib\json\decoder.py", line 354, in raw_decode
    obj, end = self.scan_once(s, idx)
               ^^^^^^^^^^^^^^^^^^^^^^
json.decoder.JSONDecodeError: Expecting property name enclosed in double quotes: line 1 column 3 (char 2)
2026-08-14 03:51:50,906 - WARNING - kronx - [req:system] - [store.py:49] - Saved corrupted memory file to C:\Users\admin\AppData\Local\Temp\tmp06wbtnan\test_memory_store.json.corrupt.1786668710
2026-08-14 03:51:51,371 - INFO - kronx - [req:904cc187] - [main.py:38] - Started POST "/api/payment/mobile-money/webhook"
2026-08-14 03:51:51,376 - CRITICAL - kronx - [req:904cc187] - [main.py:211] - PAYMENT_WEBHOOK_SECRET is not configured in the environment. Webhook is locked down (Fail-Closed).
2026-08-14 03:51:51,376 - INFO - kronx - [req:904cc187] - [main.py:41] - Finished POST "/api/payment/mobile-money/webhook" status=500
2026-08-14 03:51:51,382 - INFO - kronx - [req:847457ca] - [main.py:38] - Started POST "/api/payment/mobile-money/webhook"
2026-08-14 03:51:51,384 - WARNING - kronx - [req:847457ca] - [main.py:216] - Unauthorized payment webhook request from phone=255700000000 ref=tx_ref_101
2026-08-14 03:51:51,384 - INFO - kronx - [req:847457ca] - [main.py:41] - Finished POST "/api/payment/mobile-money/webhook" status=401
2026-08-14 03:51:51,388 - INFO - kronx - [req:ee18b0b8] - [main.py:38] - Started POST "/api/payment/mobile-money/webhook"
2026-08-14 03:51:51,388 - INFO - kronx - [req:ee18b0b8] - [main.py:234] - Payment verified for PJKRONX Plus: TZS 15,000 ref=tx_ref_101
2026-08-14 03:51:51,389 - INFO - kronx - [req:ee18b0b8] - [main.py:41] - Finished POST "/api/payment/mobile-money/webhook" status=200
2026-08-14 03:52:21,250 - INFO - kronx - [req:f6f91e3d] - [main.py:38] - Started GET "/health"
2026-08-14 03:52:21,255 - INFO - kronx - [req:f6f91e3d] - [main.py:41] - Finished GET "/health" status=200
2026-08-14 03:52:21,259 - INFO - kronx - [req:c02833b8] - [main.py:38] - Started GET "/health"
2026-08-14 03:52:21,261 - INFO - kronx - [req:c02833b8] - [main.py:41] - Finished GET "/health" status=200
2026-08-14 03:52:21,264 - INFO - kronx - [req:c5a54e0c] - [main.py:38] - Started GET "/health"
2026-08-14 03:52:21,266 - INFO - kronx - [req:c5a54e0c] - [main.py:41] - Finished GET "/health" status=200
2026-08-14 03:52:21,269 - INFO - kronx - [req:d2408ccf] - [main.py:38] - Started GET "/health"
2026-08-14 03:52:21,270 - INFO - kronx - [req:d2408ccf] - [main.py:41] - Finished GET "/health" status=200
2026-08-14 03:52:21,274 - INFO - kronx - [req:84fdf938] - [main.py:38] - Started GET "/health"
2026-08-14 03:52:21,275 - INFO - kronx - [req:84fdf938] - [main.py:41] - Finished GET "/health" status=200
2026-08-14 03:52:21,279 - INFO - kronx - [req:9f2c038b] - [main.py:38] - Started GET "/health"
2026-08-14 03:52:21,280 - INFO - kronx - [req:9f2c038b] - [main.py:41] - Finished GET "/health" status=200
2026-08-14 03:52:21,283 - INFO - kronx - [req:bb8a2a09] - [main.py:38] - Started GET "/health"
2026-08-14 03:52:21,284 - INFO - kronx - [req:bb8a2a09] - [main.py:41] - Finished GET "/health" status=200
2026-08-14 03:52:21,287 - INFO - kronx - [req:3514ab18] - [main.py:38] - Started GET "/health"
2026-08-14 03:52:21,289 - INFO - kronx - [req:3514ab18] - [main.py:41] - Finished GET "/health" status=200
2026-08-14 03:52:21,292 - INFO - kronx - [req:bd47666d] - [main.py:38] - Started GET "/health"
2026-08-14 03:52:21,294 - INFO - kronx - [req:bd47666d] - [main.py:41] - Finished GET "/health" status=200
2026-08-14 03:52:21,301 - INFO - kronx - [req:93c9ea36] - [main.py:38] - Started GET "/health"
2026-08-14 03:52:21,303 - INFO - kronx - [req:93c9ea36] - [main.py:41] - Finished GET "/health" status=200
2026-08-14 03:52:21,306 - INFO - kronx - [req:1cb1b87f] - [main.py:38] - Started GET "/health"
2026-08-14 03:52:21,308 - INFO - kronx - [req:1cb1b87f] - [main.py:41] - Finished GET "/health" status=200
2026-08-14 03:52:21,311 - INFO - kronx - [req:aea37621] - [main.py:38] - Started GET "/health"
2026-08-14 03:52:21,313 - INFO - kronx - [req:aea37621] - [main.py:41] - Finished GET "/health" status=200
2026-08-14 03:52:21,316 - INFO - kronx - [req:b219d610] - [main.py:38] - Started GET "/health"
2026-08-14 03:52:21,317 - INFO - kronx - [req:b219d610] - [main.py:41] - Finished GET "/health" status=200
2026-08-14 03:52:21,320 - INFO - kronx - [req:47390724] - [main.py:38] - Started GET "/health"
2026-08-14 03:52:21,322 - INFO - kronx - [req:47390724] - [main.py:41] - Finished GET "/health" status=200
2026-08-14 03:52:21,325 - INFO - kronx - [req:7a8b0398] - [main.py:38] - Started GET "/health"
2026-08-14 03:52:21,327 - INFO - kronx - [req:7a8b0398] - [main.py:41] - Finished GET "/health" status=200
2026-08-14 03:52:21,331 - INFO - kronx - [req:e50f152c] - [main.py:38] - Started GET "/health"
2026-08-14 03:52:21,332 - INFO - kronx - [req:e50f152c] - [main.py:41] - Finished GET "/health" status=200
2026-08-14 03:52:21,335 - INFO - kronx - [req:aad06c7b] - [main.py:38] - Started GET "/health"
2026-08-14 03:52:21,336 - INFO - kronx - [req:aad06c7b] - [main.py:41] - Finished GET "/health" status=200
2026-08-14 03:52:21,340 - INFO - kronx - [req:0e52379d] - [main.py:38] - Started GET "/health"
2026-08-14 03:52:21,341 - INFO - kronx - [req:0e52379d] - [main.py:41] - Finished GET "/health" status=200
2026-08-14 03:52:21,345 - INFO - kronx - [req:8e536915] - [main.py:38] - Started GET "/health"
2026-08-14 03:52:21,347 - INFO - kronx - [req:8e536915] - [main.py:41] - Finished GET "/health" status=200
2026-08-14 03:52:21,350 - INFO - kronx - [req:7ae80c96] - [main.py:38] - Started GET "/health"
2026-08-14 03:52:21,351 - INFO - kronx - [req:7ae80c96] - [main.py:41] - Finished GET "/health" status=200
2026-08-14 03:52:21,356 - INFO - kronx - [req:4f5ef8a7] - [main.py:38] - Started GET "/api/system/status"
2026-08-14 03:52:21,381 - INFO - kronx - [req:4f5ef8a7] - [http.py:10] - Initializing HTTP client connection pool...
2026-08-14 03:52:23,802 - INFO - kronx - [req:4f5ef8a7] - [main.py:41] - Finished GET "/api/system/status" status=200
2026-08-14 03:52:23,807 - INFO - kronx - [req:3112021c] - [main.py:38] - Started GET "/api/system/status"
2026-08-14 03:52:23,811 - INFO - kronx - [req:3112021c] - [main.py:41] - Finished GET "/api/system/status" status=200
2026-08-14 03:52:23,815 - INFO - kronx - [req:e35b90e8] - [main.py:38] - Started GET "/api/system/status"
2026-08-14 03:52:23,818 - INFO - kronx - [req:e35b90e8] - [main.py:41] - Finished GET "/api/system/status" status=200
2026-08-14 03:52:23,820 - INFO - kronx - [req:87b47438] - [main.py:38] - Started GET "/api/system/status"
2026-08-14 03:52:23,823 - INFO - kronx - [req:87b47438] - [main.py:41] - Finished GET "/api/system/status" status=200
2026-08-14 03:52:23,826 - INFO - kronx - [req:828ae92c] - [main.py:38] - Started GET "/api/system/status"
2026-08-14 03:52:23,828 - INFO - kronx - [req:828ae92c] - [main.py:41] - Finished GET "/api/system/status" status=200
2026-08-14 03:52:23,832 - INFO - kronx - [req:7273c21b] - [main.py:38] - Started GET "/api/system/status"
2026-08-14 03:52:23,834 - INFO - kronx - [req:7273c21b] - [main.py:41] - Finished GET "/api/system/status" status=200
2026-08-14 03:52:23,837 - INFO - kronx - [req:900e3b9e] - [main.py:38] - Started GET "/api/system/status"
2026-08-14 03:52:23,840 - INFO - kronx - [req:900e3b9e] - [main.py:41] - Finished GET "/api/system/status" status=200
2026-08-14 03:52:23,844 - INFO - kronx - [req:2be3db21] - [main.py:38] - Started GET "/api/system/status"
2026-08-14 03:52:23,846 - INFO - kronx - [req:2be3db21] - [main.py:41] - Finished GET "/api/system/status" status=200
2026-08-14 03:52:23,850 - INFO - kronx - [req:497095c6] - [main.py:38] - Started GET "/api/system/status"
2026-08-14 03:52:23,853 - INFO - kronx - [req:497095c6] - [main.py:41] - Finished GET "/api/system/status" status=200
2026-08-14 03:52:23,856 - INFO - kronx - [req:fa03b5ad] - [main.py:38] - Started GET "/api/system/status"
2026-08-14 03:52:23,859 - INFO - kronx - [req:fa03b5ad] - [main.py:41] - Finished GET "/api/system/status" status=200
2026-08-14 03:52:23,862 - INFO - kronx - [req:e9b02534] - [main.py:38] - Started GET "/api/system/status"
2026-08-14 03:52:23,865 - INFO - kronx - [req:e9b02534] - [main.py:41] - Finished GET "/api/system/status" status=200
2026-08-14 03:55:44,580 - INFO - kronx - [req:c44a5c59] - [main.py:38] - Started GET "/health"
2026-08-14 03:55:44,584 - INFO - kronx - [req:c44a5c59] - [main.py:42] - Finished GET "/health" status=200
2026-08-14 03:55:44,589 - INFO - kronx - [req:779b4fff] - [main.py:38] - Started GET "/health"
2026-08-14 03:55:44,590 - INFO - kronx - [req:779b4fff] - [main.py:42] - Finished GET "/health" status=200
2026-08-14 03:55:44,593 - INFO - kronx - [req:system] - [http.py:10] - Initializing HTTP client connection pool...
2026-08-14 03:55:45,166 - ERROR - kronx - [req:system] - [store.py:44] - Memory store JSON corrupted: Expecting property name enclosed in double quotes: line 1 column 3 (char 2)
Traceback (most recent call last):
  File "C:\Users\admin\Desktop\Kron-X\backend\memory\store.py", line 42, in _load_under_lock
    self._cache = json.load(f)
                  ^^^^^^^^^^^^
  File "C:\Users\admin\AppData\Local\Programs\Python\Python312\Lib\json\__init__.py", line 293, in load
    return loads(fp.read(),
           ^^^^^^^^^^^^^^^^
  File "C:\Users\admin\AppData\Local\Programs\Python\Python312\Lib\json\__init__.py", line 346, in loads
    return _default_decoder.decode(s)
           ^^^^^^^^^^^^^^^^^^^^^^^^^^
  File "C:\Users\admin\AppData\Local\Programs\Python\Python312\Lib\json\decoder.py", line 338, in decode
    obj, end = self.raw_decode(s, idx=_w(s, 0).end())
               ^^^^^^^^^^^^^^^^^^^^^^^^^^^^^^^^^^^^^^
  File "C:\Users\admin\AppData\Local\Programs\Python\Python312\Lib\json\decoder.py", line 354, in raw_decode
    obj, end = self.scan_once(s, idx)
               ^^^^^^^^^^^^^^^^^^^^^^
json.decoder.JSONDecodeError: Expecting property name enclosed in double quotes: line 1 column 3 (char 2)
2026-08-14 03:55:45,169 - WARNING - kronx - [req:system] - [store.py:49] - Saved corrupted memory file to C:\Users\admin\AppData\Local\Temp\tmpskc6m3zu\test_memory_store.json.corrupt.1786668945
2026-08-14 03:55:45,174 - INFO - kronx - [req:86fc588d] - [main.py:38] - Started POST "/api/payment/mobile-money/webhook"
2026-08-14 03:55:45,176 - INFO - kronx - [req:86fc588d] - [main.py:249] - Payment verified for PJKRONX Plus: TZS 15,000 ref=tx_unique_ref_999
2026-08-14 03:55:45,176 - INFO - kronx - [req:86fc588d] - [main.py:42] - Finished POST "/api/payment/mobile-money/webhook" status=200
2026-08-14 03:55:45,179 - INFO - kronx - [req:6c0471bc] - [main.py:38] - Started POST "/api/payment/mobile-money/webhook"
2026-08-14 03:55:45,180 - INFO - kronx - [req:6c0471bc] - [main.py:237] - Duplicate payment webhook received for reference_id=tx_unique_ref_999. Ignoring.
2026-08-14 03:55:45,180 - INFO - kronx - [req:6c0471bc] - [main.py:42] - Finished POST "/api/payment/mobile-money/webhook" status=200
2026-08-14 03:55:45,185 - INFO - kronx - [req:test-req-123] - [main.py:38] - Started GET "/health"
2026-08-14 03:55:45,187 - INFO - kronx - [req:test-req-123] - [main.py:42] - Finished GET "/health" status=200
2026-08-14 03:55:45,191 - INFO - kronx - [req:70bc1cf9] - [main.py:38] - Started GET "/test-error-endpoint"
2026-08-14 03:55:45,193 - ERROR - kronx - [req:70bc1cf9] - [main.py:45] - Uncaught exception during request processing: Secret system error context
Traceback (most recent call last):
  File "C:\Users\admin\Desktop\Kron-X\backend\main.py", line 40, in request_id_middleware
    response = await call_next(request)
               ^^^^^^^^^^^^^^^^^^^^^^^^
  File "C:\Users\admin\AppData\Local\Programs\Python\Python312\Lib\site-packages\starlette\middleware\base.py", line 168, in call_next
    raise app_exc from app_exc.__cause__ or app_exc.__context__
  File "C:\Users\admin\AppData\Local\Programs\Python\Python312\Lib\site-packages\starlette\middleware\base.py", line 144, in coro
    await self.app(scope, receive_or_disconnect, send_no_error)
  File "C:\Users\admin\AppData\Local\Programs\Python\Python312\Lib\site-packages\starlette\middleware\exceptions.py", line 63, in __call__
    await wrap_app_handling_exceptions(self.app, conn)(scope, receive, send)
  File "C:\Users\admin\AppData\Local\Programs\Python\Python312\Lib\site-packages\starlette\_exception_handler.py", line 53, in wrapped_app
    raise exc
  File "C:\Users\admin\AppData\Local\Programs\Python\Python312\Lib\site-packages\starlette\_exception_handler.py", line 42, in wrapped_app
    await app(scope, receive, sender)
  File "C:\Users\admin\AppData\Local\Programs\Python\Python312\Lib\site-packages\fastapi\middleware\asyncexitstack.py", line 18, in __call__
    await self.app(scope, receive, send)
  File "C:\Users\admin\AppData\Local\Programs\Python\Python312\Lib\site-packages\starlette\routing.py", line 660, in __call__
    await self.middleware_stack(scope, receive, send)
  File "C:\Users\admin\AppData\Local\Programs\Python\Python312\Lib\site-packages\fastapi\routing.py", line 2734, in app
    await route.handle(scope, receive, send)
  File "C:\Users\admin\AppData\Local\Programs\Python\Python312\Lib\site-packages\fastapi\routing.py", line 1281, in handle
    await super().handle(scope, receive, send)
  File "C:\Users\admin\AppData\Local\Programs\Python\Python312\Lib\site-packages\starlette\routing.py", line 276, in handle
    await self.app(scope, receive, send)
  File "C:\Users\admin\AppData\Local\Programs\Python\Python312\Lib\site-packages\fastapi\routing.py", line 158, in app
    await wrap_app_handling_exceptions(app, request)(scope, receive, send)
  File "C:\Users\admin\AppData\Local\Programs\Python\Python312\Lib\site-packages\starlette\_exception_handler.py", line 53, in wrapped_app
    raise exc
  File "C:\Users\admin\AppData\Local\Programs\Python\Python312\Lib\site-packages\starlette\_exception_handler.py", line 42, in wrapped_app
    await app(scope, receive, sender)
  File "C:\Users\admin\AppData\Local\Programs\Python\Python312\Lib\site-packages\fastapi\routing.py", line 144, in app
    response = await f(request)
               ^^^^^^^^^^^^^^^^
  File "C:\Users\admin\AppData\Local\Programs\Python\Python312\Lib\site-packages\fastapi\routing.py", line 706, in app
    raw_response = await run_endpoint_function(
                   ^^^^^^^^^^^^^^^^^^^^^^^^^^^^
  File "C:\Users\admin\AppData\Local\Programs\Python\Python312\Lib\site-packages\fastapi\routing.py", line 354, in run_endpoint_function
    return await run_in_threadpool(dependant.call, **values)
           ^^^^^^^^^^^^^^^^^^^^^^^^^^^^^^^^^^^^^^^^^^^^^^^^^
  File "C:\Users\admin\AppData\Local\Programs\Python\Python312\Lib\site-packages\starlette\concurrency.py", line 34, in run_in_threadpool
    return await anyio.to_thread.run_sync(func)
           ^^^^^^^^^^^^^^^^^^^^^^^^^^^^^^^^^^^^
  File "C:\Users\admin\AppData\Local\Programs\Python\Python312\Lib\site-packages\anyio\to_thread.py", line 63, in run_sync
    return await get_async_backend().run_sync_in_worker_thread(
           ^^^^^^^^^^^^^^^^^^^^^^^^^^^^^^^^^^^^^^^^^^^^^^^^^^^^
  File "C:\Users\admin\AppData\Local\Programs\Python\Python312\Lib\site-packages\anyio\_backends\_asyncio.py", line 2518, in run_sync_in_worker_thread
    return await future
           ^^^^^^^^^^^^
  File "C:\Users\admin\AppData\Local\Programs\Python\Python312\Lib\site-packages\anyio\_backends\_asyncio.py", line 1002, in run
    result = context.run(func, *args)
             ^^^^^^^^^^^^^^^^^^^^^^^^
  File "C:\Users\admin\Desktop\Kron-X\backend\tests\test_foundation.py", line 279, in error_endpoint
    raise RuntimeError("Secret system error context")
RuntimeError: Secret system error context
2026-08-14 03:55:45,341 - INFO - kronx - [req:4f7e994b] - [main.py:38] - Started POST "/api/payment/mobile-money/webhook"
2026-08-14 03:55:45,342 - CRITICAL - kronx - [req:4f7e994b] - [main.py:226] - PAYMENT_WEBHOOK_SECRET is not configured in the environment. Webhook is locked down (Fail-Closed).
2026-08-14 03:55:45,342 - INFO - kronx - [req:4f7e994b] - [main.py:42] - Finished POST "/api/payment/mobile-money/webhook" status=500
2026-08-14 03:55:45,346 - INFO - kronx - [req:04f30b43] - [main.py:38] - Started POST "/api/payment/mobile-money/webhook"
2026-08-14 03:55:45,347 - WARNING - kronx - [req:04f30b43] - [main.py:231] - Unauthorized payment webhook request from phone=255700000000 ref=tx_ref_101
2026-08-14 03:55:45,348 - INFO - kronx - [req:04f30b43] - [main.py:42] - Finished POST "/api/payment/mobile-money/webhook" status=401
2026-08-14 03:55:45,351 - INFO - kronx - [req:390e76ac] - [main.py:38] - Started POST "/api/payment/mobile-money/webhook"
2026-08-14 03:55:45,352 - INFO - kronx - [req:390e76ac] - [main.py:249] - Payment verified for PJKRONX Plus: TZS 15,000 ref=tx_ref_101
2026-08-14 03:55:45,352 - INFO - kronx - [req:390e76ac] - [main.py:42] - Finished POST "/api/payment/mobile-money/webhook" status=200
2026-08-14 03:58:35,266 - INFO - kronx - [req:903cee01] - [main.py:38] - Started GET "/health"
2026-08-14 03:58:35,272 - INFO - kronx - [req:903cee01] - [main.py:42] - Finished GET "/health" status=200
2026-08-14 03:58:35,276 - INFO - kronx - [req:91768b14] - [main.py:38] - Started GET "/health"
2026-08-14 03:58:35,277 - INFO - kronx - [req:91768b14] - [main.py:42] - Finished GET "/health" status=200
2026-08-14 03:58:35,281 - INFO - kronx - [req:system] - [http.py:10] - Initializing HTTP client connection pool...
2026-08-14 03:58:35,885 - ERROR - kronx - [req:system] - [store.py:44] - Memory store JSON corrupted: Expecting property name enclosed in double quotes: line 1 column 3 (char 2)
Traceback (most recent call last):
  File "C:\Users\admin\Desktop\Kron-X\backend\memory\store.py", line 42, in _load_under_lock
    self._cache = json.load(f)
                  ^^^^^^^^^^^^
  File "C:\Users\admin\AppData\Local\Programs\Python\Python312\Lib\json\__init__.py", line 293, in load
    return loads(fp.read(),
           ^^^^^^^^^^^^^^^^
  File "C:\Users\admin\AppData\Local\Programs\Python\Python312\Lib\json\__init__.py", line 346, in loads
    return _default_decoder.decode(s)
           ^^^^^^^^^^^^^^^^^^^^^^^^^^
  File "C:\Users\admin\AppData\Local\Programs\Python\Python312\Lib\json\decoder.py", line 338, in decode
    obj, end = self.raw_decode(s, idx=_w(s, 0).end())
               ^^^^^^^^^^^^^^^^^^^^^^^^^^^^^^^^^^^^^^
  File "C:\Users\admin\AppData\Local\Programs\Python\Python312\Lib\json\decoder.py", line 354, in raw_decode
    obj, end = self.scan_once(s, idx)
               ^^^^^^^^^^^^^^^^^^^^^^
json.decoder.JSONDecodeError: Expecting property name enclosed in double quotes: line 1 column 3 (char 2)
2026-08-14 03:58:35,888 - WARNING - kronx - [req:system] - [store.py:49] - Saved corrupted memory file to C:\Users\admin\AppData\Local\Temp\tmpwvyo3t3l\test_memory_store.json.corrupt.1786669115
2026-08-14 03:58:35,894 - INFO - kronx - [req:ecb0f4d4] - [main.py:38] - Started POST "/api/payment/mobile-money/webhook"
2026-08-14 03:58:35,896 - INFO - kronx - [req:ecb0f4d4] - [main.py:249] - Payment verified for PJKRONX Plus: TZS 15,000 ref=tx_unique_ref_999
2026-08-14 03:58:35,896 - INFO - kronx - [req:ecb0f4d4] - [main.py:42] - Finished POST "/api/payment/mobile-money/webhook" status=200
2026-08-14 03:58:35,899 - INFO - kronx - [req:c8f0886b] - [main.py:38] - Started POST "/api/payment/mobile-money/webhook"
2026-08-14 03:58:35,899 - INFO - kronx - [req:c8f0886b] - [main.py:237] - Duplicate payment webhook received for reference_id=tx_unique_ref_999. Ignoring.
2026-08-14 03:58:35,899 - INFO - kronx - [req:c8f0886b] - [main.py:42] - Finished POST "/api/payment/mobile-money/webhook" status=200
2026-08-14 03:58:35,906 - INFO - kronx - [req:test-req-123] - [main.py:38] - Started GET "/health"
2026-08-14 03:58:35,908 - INFO - kronx - [req:test-req-123] - [main.py:42] - Finished GET "/health" status=200
2026-08-14 03:58:35,912 - INFO - kronx - [req:0033fa0e] - [main.py:38] - Started GET "/test-error-endpoint"
2026-08-14 03:58:35,914 - ERROR - kronx - [req:0033fa0e] - [main.py:45] - Uncaught exception during request processing: Secret system error context
Traceback (most recent call last):
  File "C:\Users\admin\Desktop\Kron-X\backend\main.py", line 40, in request_id_middleware
    response = await call_next(request)
               ^^^^^^^^^^^^^^^^^^^^^^^^
  File "C:\Users\admin\AppData\Local\Programs\Python\Python312\Lib\site-packages\starlette\middleware\base.py", line 168, in call_next
    raise app_exc from app_exc.__cause__ or app_exc.__context__
  File "C:\Users\admin\AppData\Local\Programs\Python\Python312\Lib\site-packages\starlette\middleware\base.py", line 144, in coro
    await self.app(scope, receive_or_disconnect, send_no_error)
  File "C:\Users\admin\AppData\Local\Programs\Python\Python312\Lib\site-packages\starlette\middleware\exceptions.py", line 63, in __call__
    await wrap_app_handling_exceptions(self.app, conn)(scope, receive, send)
  File "C:\Users\admin\AppData\Local\Programs\Python\Python312\Lib\site-packages\starlette\_exception_handler.py", line 53, in wrapped_app
    raise exc
  File "C:\Users\admin\AppData\Local\Programs\Python\Python312\Lib\site-packages\starlette\_exception_handler.py", line 42, in wrapped_app
    await app(scope, receive, sender)
  File "C:\Users\admin\AppData\Local\Programs\Python\Python312\Lib\site-packages\fastapi\middleware\asyncexitstack.py", line 18, in __call__
    await self.app(scope, receive, send)
  File "C:\Users\admin\AppData\Local\Programs\Python\Python312\Lib\site-packages\starlette\routing.py", line 660, in __call__
    await self.middleware_stack(scope, receive, send)
  File "C:\Users\admin\AppData\Local\Programs\Python\Python312\Lib\site-packages\fastapi\routing.py", line 2734, in app
    await route.handle(scope, receive, send)
  File "C:\Users\admin\AppData\Local\Programs\Python\Python312\Lib\site-packages\fastapi\routing.py", line 1281, in handle
    await super().handle(scope, receive, send)
  File "C:\Users\admin\AppData\Local\Programs\Python\Python312\Lib\site-packages\starlette\routing.py", line 276, in handle
    await self.app(scope, receive, send)
  File "C:\Users\admin\AppData\Local\Programs\Python\Python312\Lib\site-packages\fastapi\routing.py", line 158, in app
    await wrap_app_handling_exceptions(app, request)(scope, receive, send)
  File "C:\Users\admin\AppData\Local\Programs\Python\Python312\Lib\site-packages\starlette\_exception_handler.py", line 53, in wrapped_app
    raise exc
  File "C:\Users\admin\AppData\Local\Programs\Python\Python312\Lib\site-packages\starlette\_exception_handler.py", line 42, in wrapped_app
    await app(scope, receive, sender)
  File "C:\Users\admin\AppData\Local\Programs\Python\Python312\Lib\site-packages\fastapi\routing.py", line 144, in app
    response = await f(request)
               ^^^^^^^^^^^^^^^^
  File "C:\Users\admin\AppData\Local\Programs\Python\Python312\Lib\site-packages\fastapi\routing.py", line 706, in app
    raw_response = await run_endpoint_function(
                   ^^^^^^^^^^^^^^^^^^^^^^^^^^^^
  File "C:\Users\admin\AppData\Local\Programs\Python\Python312\Lib\site-packages\fastapi\routing.py", line 354, in run_endpoint_function
    return await run_in_threadpool(dependant.call, **values)
           ^^^^^^^^^^^^^^^^^^^^^^^^^^^^^^^^^^^^^^^^^^^^^^^^^
  File "C:\Users\admin\AppData\Local\Programs\Python\Python312\Lib\site-packages\starlette\concurrency.py", line 34, in run_in_threadpool
    return await anyio.to_thread.run_sync(func)
           ^^^^^^^^^^^^^^^^^^^^^^^^^^^^^^^^^^^^
  File "C:\Users\admin\AppData\Local\Programs\Python\Python312\Lib\site-packages\anyio\to_thread.py", line 63, in run_sync
    return await get_async_backend().run_sync_in_worker_thread(
           ^^^^^^^^^^^^^^^^^^^^^^^^^^^^^^^^^^^^^^^^^^^^^^^^^^^^
  File "C:\Users\admin\AppData\Local\Programs\Python\Python312\Lib\site-packages\anyio\_backends\_asyncio.py", line 2518, in run_sync_in_worker_thread
    return await future
           ^^^^^^^^^^^^
  File "C:\Users\admin\AppData\Local\Programs\Python\Python312\Lib\site-packages\anyio\_backends\_asyncio.py", line 1002, in run
    result = context.run(func, *args)
             ^^^^^^^^^^^^^^^^^^^^^^^^
  File "C:\Users\admin\Desktop\Kron-X\backend\tests\test_foundation.py", line 279, in error_endpoint
    raise RuntimeError("Secret system error context")
RuntimeError: Secret system error context
2026-08-14 03:58:35,928 - INFO - kronx - [req:9cb8eae6] - [main.py:38] - Started POST "/api/payment/mobile-money/webhook"
2026-08-14 03:58:35,929 - CRITICAL - kronx - [req:9cb8eae6] - [main.py:226] - PAYMENT_WEBHOOK_SECRET is not configured in the environment. Webhook is locked down (Fail-Closed).
2026-08-14 03:58:35,929 - INFO - kronx - [req:9cb8eae6] - [main.py:42] - Finished POST "/api/payment/mobile-money/webhook" status=500
2026-08-14 03:58:35,935 - INFO - kronx - [req:5df5d527] - [main.py:38] - Started POST "/api/payment/mobile-money/webhook"
2026-08-14 03:58:35,935 - WARNING - kronx - [req:5df5d527] - [main.py:231] - Unauthorized payment webhook request from phone=255700000000 ref=tx_ref_101
2026-08-14 03:58:35,936 - INFO - kronx - [req:5df5d527] - [main.py:42] - Finished POST "/api/payment/mobile-money/webhook" status=401
2026-08-14 03:58:35,939 - INFO - kronx - [req:c62e3d8b] - [main.py:38] - Started POST "/api/payment/mobile-money/webhook"
2026-08-14 03:58:35,940 - INFO - kronx - [req:c62e3d8b] - [main.py:249] - Payment verified for PJKRONX Plus: TZS 15,000 ref=tx_ref_101
2026-08-14 03:58:35,940 - INFO - kronx - [req:c62e3d8b] - [main.py:42] - Finished POST "/api/payment/mobile-money/webhook" status=200
2026-08-14 04:04:29,005 - INFO - kronx - [req:system] - [manager.py:67] - Registered workspace=ws_f75060fe path=C:\Users\admin\AppData\Local\Temp\tmpp562vmp9\test_proj
2026-08-14 04:04:29,010 - INFO - kronx - [req:system] - [manager.py:100] - Queued scan job=scan_b6b05bc2 for workspace=ws_f75060fe
2026-08-14 04:04:29,015 - INFO - kronx - [req:system] - [scanner.py:148] - Scan job cancelled cooperatively during directory traversal.
2026-08-14 04:04:29,020 - INFO - kronx - [req:system] - [manager.py:124] - Cancelled scan job=scan_b6b05bc2
2026-08-14 04:04:29,046 - INFO - kronx - [req:system] - [manager.py:67] - Registered workspace=ws_1f9b77fb path=C:\Users\admin\AppData\Local\Temp\tmpaswbfwxn\test_proj
2026-08-14 04:04:29,050 - INFO - kronx - [req:system] - [manager.py:100] - Queued scan job=scan_1024a31e for workspace=ws_1f9b77fb
2026-08-14 04:04:29,080 - INFO - kronx - [req:system] - [manager.py:186] - Completed scan job=scan_1024a31e successfully.
2026-08-14 04:04:29,203 - INFO - kronx - [req:system] - [manager.py:67] - Registered workspace=ws_31a8b7f3 path=C:\Users\admin\AppData\Local\Temp\tmpmiw3oyaa\test_proj
2026-08-14 04:04:29,208 - INFO - kronx - [req:system] - [manager.py:100] - Queued scan job=scan_c06efdf7 for workspace=ws_31a8b7f3
2026-08-14 04:04:29,245 - INFO - kronx - [req:system] - [manager.py:186] - Completed scan job=scan_c06efdf7 successfully.
2026-08-14 04:04:29,342 - INFO - kronx - [req:system] - [manager.py:67] - Registered workspace=ws_d6cb81c2 path=C:\Users\admin\AppData\Local\Temp\tmpwzbu85ou\test_proj
2026-08-14 04:04:29,347 - INFO - kronx - [req:system] - [manager.py:100] - Queued scan job=scan_0f09e005 for workspace=ws_d6cb81c2
2026-08-14 04:04:29,364 - INFO - kronx - [req:system] - [manager.py:186] - Completed scan job=scan_0f09e005 successfully.
2026-08-14 04:04:29,474 - INFO - kronx - [req:4103a3a5] - [main.py:38] - Started POST "/api/workspace"
2026-08-14 04:04:29,513 - INFO - kronx - [req:4103a3a5] - [manager.py:67] - Registered workspace=ws_7b26aa9b path=C:\Users\admin\AppData\Local\Temp\tmpo3sd9zjs\test_proj
2026-08-14 04:04:29,515 - INFO - kronx - [req:4103a3a5] - [main.py:42] - Finished POST "/api/workspace" status=200
2026-08-14 04:04:29,520 - INFO - kronx - [req:470ecf01] - [main.py:38] - Started POST "/api/workspace/scan"
2026-08-14 04:04:29,527 - INFO - kronx - [req:470ecf01] - [manager.py:100] - Queued scan job=scan_a572229d for workspace=ws_7b26aa9b
2026-08-14 04:04:29,528 - INFO - kronx - [req:470ecf01] - [main.py:42] - Finished POST "/api/workspace/scan" status=200
2026-08-14 04:04:29,535 - INFO - kronx - [req:320bacfe] - [main.py:38] - Started GET "/api/workspace/scan/scan_a572229d"
2026-08-14 04:04:29,537 - INFO - kronx - [req:320bacfe] - [main.py:42] - Finished GET "/api/workspace/scan/scan_a572229d" status=200
2026-08-14 04:04:29,544 - INFO - kronx - [req:8f4504aa] - [main.py:38] - Started POST "/api/workspace/scan/scan_a572229d/cancel"
2026-08-14 04:04:29,552 - INFO - kronx - [req:8f4504aa] - [manager.py:124] - Cancelled scan job=scan_a572229d
2026-08-14 04:04:29,552 - INFO - kronx - [req:8f4504aa] - [main.py:42] - Finished POST "/api/workspace/scan/scan_a572229d/cancel" status=200
2026-08-14 04:04:29,553 - INFO - kronx - [req:system] - [manager.py:186] - Completed scan job=scan_a572229d successfully.
2026-08-14 04:05:21,919 - INFO - kronx - [req:d2f32aed] - [main.py:38] - Started GET "/health"
2026-08-14 04:05:21,928 - INFO - kronx - [req:d2f32aed] - [main.py:42] - Finished GET "/health" status=200
2026-08-14 04:05:21,933 - INFO - kronx - [req:cbbff9f3] - [main.py:38] - Started GET "/health"
2026-08-14 04:05:21,934 - INFO - kronx - [req:cbbff9f3] - [main.py:42] - Finished GET "/health" status=200
2026-08-14 04:05:21,937 - INFO - kronx - [req:system] - [http.py:10] - Initializing HTTP client connection pool...
2026-08-14 04:05:22,501 - ERROR - kronx - [req:system] - [store.py:44] - Memory store JSON corrupted: Expecting property name enclosed in double quotes: line 1 column 3 (char 2)
Traceback (most recent call last):
  File "C:\Users\admin\Desktop\Kron-X\backend\memory\store.py", line 42, in _load_under_lock
    self._cache = json.load(f)
                  ^^^^^^^^^^^^
  File "C:\Users\admin\AppData\Local\Programs\Python\Python312\Lib\json\__init__.py", line 293, in load
    return loads(fp.read(),
           ^^^^^^^^^^^^^^^^
  File "C:\Users\admin\AppData\Local\Programs\Python\Python312\Lib\json\__init__.py", line 346, in loads
    return _default_decoder.decode(s)
           ^^^^^^^^^^^^^^^^^^^^^^^^^^
  File "C:\Users\admin\AppData\Local\Programs\Python\Python312\Lib\json\decoder.py", line 338, in decode
    obj, end = self.raw_decode(s, idx=_w(s, 0).end())
               ^^^^^^^^^^^^^^^^^^^^^^^^^^^^^^^^^^^^^^
  File "C:\Users\admin\AppData\Local\Programs\Python\Python312\Lib\json\decoder.py", line 354, in raw_decode
    obj, end = self.scan_once(s, idx)
               ^^^^^^^^^^^^^^^^^^^^^^
json.decoder.JSONDecodeError: Expecting property name enclosed in double quotes: line 1 column 3 (char 2)
2026-08-14 04:05:22,504 - WARNING - kronx - [req:system] - [store.py:49] - Saved corrupted memory file to C:\Users\admin\AppData\Local\Temp\tmpp_wxpt9f\test_memory_store.json.corrupt.1786669522
2026-08-14 04:05:22,508 - INFO - kronx - [req:8cc54681] - [main.py:38] - Started POST "/api/payment/mobile-money/webhook"
2026-08-14 04:05:22,510 - INFO - kronx - [req:8cc54681] - [main.py:251] - Payment verified for PJKRONX Plus: TZS 15,000 ref=tx_unique_ref_999
2026-08-14 04:05:22,510 - INFO - kronx - [req:8cc54681] - [main.py:42] - Finished POST "/api/payment/mobile-money/webhook" status=200
2026-08-14 04:05:22,513 - INFO - kronx - [req:e3a8ed56] - [main.py:38] - Started POST "/api/payment/mobile-money/webhook"
2026-08-14 04:05:22,515 - INFO - kronx - [req:e3a8ed56] - [main.py:239] - Duplicate payment webhook received for reference_id=tx_unique_ref_999. Ignoring.
2026-08-14 04:05:22,515 - INFO - kronx - [req:e3a8ed56] - [main.py:42] - Finished POST "/api/payment/mobile-money/webhook" status=200
2026-08-14 04:05:22,521 - INFO - kronx - [req:test-req-123] - [main.py:38] - Started GET "/health"
2026-08-14 04:05:22,522 - INFO - kronx - [req:test-req-123] - [main.py:42] - Finished GET "/health" status=200
2026-08-14 04:05:22,526 - INFO - kronx - [req:6783816c] - [main.py:38] - Started GET "/test-error-endpoint"
2026-08-14 04:05:22,528 - ERROR - kronx - [req:6783816c] - [main.py:45] - Uncaught exception during request processing: Secret system error context
Traceback (most recent call last):
  File "C:\Users\admin\Desktop\Kron-X\backend\main.py", line 40, in request_id_middleware
    response = await call_next(request)
               ^^^^^^^^^^^^^^^^^^^^^^^^
  File "C:\Users\admin\AppData\Local\Programs\Python\Python312\Lib\site-packages\starlette\middleware\base.py", line 168, in call_next
    raise app_exc from app_exc.__cause__ or app_exc.__context__
  File "C:\Users\admin\AppData\Local\Programs\Python\Python312\Lib\site-packages\starlette\middleware\base.py", line 144, in coro
    await self.app(scope, receive_or_disconnect, send_no_error)
  File "C:\Users\admin\AppData\Local\Programs\Python\Python312\Lib\site-packages\starlette\middleware\exceptions.py", line 63, in __call__
    await wrap_app_handling_exceptions(self.app, conn)(scope, receive, send)
  File "C:\Users\admin\AppData\Local\Programs\Python\Python312\Lib\site-packages\starlette\_exception_handler.py", line 53, in wrapped_app
    raise exc
  File "C:\Users\admin\AppData\Local\Programs\Python\Python312\Lib\site-packages\starlette\_exception_handler.py", line 42, in wrapped_app
    await app(scope, receive, sender)
  File "C:\Users\admin\AppData\Local\Programs\Python\Python312\Lib\site-packages\fastapi\middleware\asyncexitstack.py", line 18, in __call__
    await self.app(scope, receive, send)
  File "C:\Users\admin\AppData\Local\Programs\Python\Python312\Lib\site-packages\starlette\routing.py", line 660, in __call__
    await self.middleware_stack(scope, receive, send)
  File "C:\Users\admin\AppData\Local\Programs\Python\Python312\Lib\site-packages\fastapi\routing.py", line 2734, in app
    await route.handle(scope, receive, send)
  File "C:\Users\admin\AppData\Local\Programs\Python\Python312\Lib\site-packages\fastapi\routing.py", line 1281, in handle
    await super().handle(scope, receive, send)
  File "C:\Users\admin\AppData\Local\Programs\Python\Python312\Lib\site-packages\starlette\routing.py", line 276, in handle
    await self.app(scope, receive, send)
  File "C:\Users\admin\AppData\Local\Programs\Python\Python312\Lib\site-packages\fastapi\routing.py", line 158, in app
    await wrap_app_handling_exceptions(app, request)(scope, receive, send)
  File "C:\Users\admin\AppData\Local\Programs\Python\Python312\Lib\site-packages\starlette\_exception_handler.py", line 53, in wrapped_app
    raise exc
  File "C:\Users\admin\AppData\Local\Programs\Python\Python312\Lib\site-packages\starlette\_exception_handler.py", line 42, in wrapped_app
    await app(scope, receive, sender)
  File "C:\Users\admin\AppData\Local\Programs\Python\Python312\Lib\site-packages\fastapi\routing.py", line 144, in app
    response = await f(request)
               ^^^^^^^^^^^^^^^^
  File "C:\Users\admin\AppData\Local\Programs\Python\Python312\Lib\site-packages\fastapi\routing.py", line 706, in app
    raw_response = await run_endpoint_function(
                   ^^^^^^^^^^^^^^^^^^^^^^^^^^^^
  File "C:\Users\admin\AppData\Local\Programs\Python\Python312\Lib\site-packages\fastapi\routing.py", line 354, in run_endpoint_function
    return await run_in_threadpool(dependant.call, **values)
           ^^^^^^^^^^^^^^^^^^^^^^^^^^^^^^^^^^^^^^^^^^^^^^^^^
  File "C:\Users\admin\AppData\Local\Programs\Python\Python312\Lib\site-packages\starlette\concurrency.py", line 34, in run_in_threadpool
    return await anyio.to_thread.run_sync(func)
           ^^^^^^^^^^^^^^^^^^^^^^^^^^^^^^^^^^^^
  File "C:\Users\admin\AppData\Local\Programs\Python\Python312\Lib\site-packages\anyio\to_thread.py", line 63, in run_sync
    return await get_async_backend().run_sync_in_worker_thread(
           ^^^^^^^^^^^^^^^^^^^^^^^^^^^^^^^^^^^^^^^^^^^^^^^^^^^^
  File "C:\Users\admin\AppData\Local\Programs\Python\Python312\Lib\site-packages\anyio\_backends\_asyncio.py", line 2518, in run_sync_in_worker_thread
    return await future
           ^^^^^^^^^^^^
  File "C:\Users\admin\AppData\Local\Programs\Python\Python312\Lib\site-packages\anyio\_backends\_asyncio.py", line 1002, in run
    result = context.run(func, *args)
             ^^^^^^^^^^^^^^^^^^^^^^^^
  File "C:\Users\admin\Desktop\Kron-X\backend\tests\test_foundation.py", line 279, in error_endpoint
    raise RuntimeError("Secret system error context")
RuntimeError: Secret system error context
2026-08-14 04:05:22,544 - INFO - kronx - [req:6d1da30a] - [main.py:38] - Started POST "/api/payment/mobile-money/webhook"
2026-08-14 04:05:22,545 - CRITICAL - kronx - [req:6d1da30a] - [main.py:228] - PAYMENT_WEBHOOK_SECRET is not configured in the environment. Webhook is locked down (Fail-Closed).
2026-08-14 04:05:22,546 - INFO - kronx - [req:6d1da30a] - [main.py:42] - Finished POST "/api/payment/mobile-money/webhook" status=500
2026-08-14 04:05:22,552 - INFO - kronx - [req:15e0c76f] - [main.py:38] - Started POST "/api/payment/mobile-money/webhook"
2026-08-14 04:05:22,553 - WARNING - kronx - [req:15e0c76f] - [main.py:233] - Unauthorized payment webhook request from phone=255700000000 ref=tx_ref_101
2026-08-14 04:05:22,554 - INFO - kronx - [req:15e0c76f] - [main.py:42] - Finished POST "/api/payment/mobile-money/webhook" status=401
2026-08-14 04:05:22,558 - INFO - kronx - [req:a9de2c48] - [main.py:38] - Started POST "/api/payment/mobile-money/webhook"
2026-08-14 04:05:22,559 - INFO - kronx - [req:a9de2c48] - [main.py:251] - Payment verified for PJKRONX Plus: TZS 15,000 ref=tx_ref_101
2026-08-14 04:05:22,559 - INFO - kronx - [req:a9de2c48] - [main.py:42] - Finished POST "/api/payment/mobile-money/webhook" status=200
2026-08-14 04:05:22,589 - INFO - kronx - [req:system] - [manager.py:67] - Registered workspace=ws_28c4d6f1 path=C:\Users\admin\AppData\Local\Temp\tmpb4oqsl6w\test_proj
2026-08-14 04:05:22,595 - INFO - kronx - [req:system] - [manager.py:100] - Queued scan job=scan_3853b96c for workspace=ws_28c4d6f1
2026-08-14 04:05:22,600 - INFO - kronx - [req:system] - [scanner.py:148] - Scan job cancelled cooperatively during directory traversal.
2026-08-14 04:05:22,604 - INFO - kronx - [req:system] - [manager.py:124] - Cancelled scan job=scan_3853b96c
2026-08-14 04:05:22,638 - INFO - kronx - [req:system] - [manager.py:67] - Registered workspace=ws_e6177774 path=C:\Users\admin\AppData\Local\Temp\tmpiphjyrkx\test_proj
2026-08-14 04:05:22,643 - INFO - kronx - [req:system] - [manager.py:100] - Queued scan job=scan_0f3b6a63 for workspace=ws_e6177774
2026-08-14 04:05:22,664 - INFO - kronx - [req:system] - [manager.py:186] - Completed scan job=scan_0f3b6a63 successfully.
2026-08-14 04:05:22,779 - INFO - kronx - [req:system] - [manager.py:67] - Registered workspace=ws_d927a09b path=C:\Users\admin\AppData\Local\Temp\tmpp1yd0qp3\test_proj
2026-08-14 04:05:22,784 - INFO - kronx - [req:system] - [manager.py:100] - Queued scan job=scan_506f84f1 for workspace=ws_d927a09b
2026-08-14 04:05:22,803 - INFO - kronx - [req:system] - [manager.py:186] - Completed scan job=scan_506f84f1 successfully.
2026-08-14 04:05:22,920 - INFO - kronx - [req:system] - [manager.py:67] - Registered workspace=ws_592bbcb5 path=C:\Users\admin\AppData\Local\Temp\tmpmq2jhnoj\test_proj
2026-08-14 04:05:22,927 - INFO - kronx - [req:system] - [manager.py:100] - Queued scan job=scan_5be243c3 for workspace=ws_592bbcb5
2026-08-14 04:05:22,948 - INFO - kronx - [req:system] - [manager.py:186] - Completed scan job=scan_5be243c3 successfully.
2026-08-14 04:05:23,047 - INFO - kronx - [req:b4b85125] - [main.py:38] - Started POST "/api/workspace"
2026-08-14 04:05:23,076 - INFO - kronx - [req:b4b85125] - [manager.py:67] - Registered workspace=ws_5d880111 path=C:\Users\admin\AppData\Local\Temp\tmpwz21_jxp\test_proj
2026-08-14 04:05:23,077 - INFO - kronx - [req:b4b85125] - [main.py:42] - Finished POST "/api/workspace" status=200
2026-08-14 04:05:23,081 - INFO - kronx - [req:bb3b6c9b] - [main.py:38] - Started POST "/api/workspace/scan"
2026-08-14 04:05:23,087 - INFO - kronx - [req:bb3b6c9b] - [manager.py:100] - Queued scan job=scan_4d1096bc for workspace=ws_5d880111
2026-08-14 04:05:23,089 - INFO - kronx - [req:bb3b6c9b] - [main.py:42] - Finished POST "/api/workspace/scan" status=200
2026-08-14 04:05:23,094 - INFO - kronx - [req:671790fd] - [main.py:38] - Started GET "/api/workspace/scan/scan_4d1096bc"
2026-08-14 04:05:23,097 - INFO - kronx - [req:671790fd] - [main.py:42] - Finished GET "/api/workspace/scan/scan_4d1096bc" status=200
2026-08-14 04:05:23,103 - INFO - kronx - [req:22748b39] - [main.py:38] - Started POST "/api/workspace/scan/scan_4d1096bc/cancel"
2026-08-14 04:05:23,112 - INFO - kronx - [req:system] - [manager.py:186] - Completed scan job=scan_4d1096bc successfully.
2026-08-14 04:05:23,118 - INFO - kronx - [req:22748b39] - [manager.py:124] - Cancelled scan job=scan_4d1096bc
2026-08-14 04:05:23,119 - INFO - kronx - [req:22748b39] - [main.py:42] - Finished POST "/api/workspace/scan/scan_4d1096bc/cancel" status=200
2026-08-14 04:08:44,807 - INFO - kronx - [req:9dbc54fc] - [main.py:38] - Started GET "/health"
2026-08-14 04:08:44,816 - INFO - kronx - [req:9dbc54fc] - [main.py:42] - Finished GET "/health" status=200
2026-08-14 04:08:44,821 - INFO - kronx - [req:b473c4bc] - [main.py:38] - Started GET "/health"
2026-08-14 04:08:44,823 - INFO - kronx - [req:b473c4bc] - [main.py:42] - Finished GET "/health" status=200
2026-08-14 04:08:44,827 - INFO - kronx - [req:system] - [http.py:10] - Initializing HTTP client connection pool...
2026-08-14 04:08:45,382 - ERROR - kronx - [req:system] - [store.py:44] - Memory store JSON corrupted: Expecting property name enclosed in double quotes: line 1 column 3 (char 2)
Traceback (most recent call last):
  File "C:\Users\admin\Desktop\Kron-X\backend\memory\store.py", line 42, in _load_under_lock
    self._cache = json.load(f)
                  ^^^^^^^^^^^^
  File "C:\Users\admin\AppData\Local\Programs\Python\Python312\Lib\json\__init__.py", line 293, in load
    return loads(fp.read(),
           ^^^^^^^^^^^^^^^^
  File "C:\Users\admin\AppData\Local\Programs\Python\Python312\Lib\json\__init__.py", line 346, in loads
    return _default_decoder.decode(s)
           ^^^^^^^^^^^^^^^^^^^^^^^^^^
  File "C:\Users\admin\AppData\Local\Programs\Python\Python312\Lib\json\decoder.py", line 338, in decode
    obj, end = self.raw_decode(s, idx=_w(s, 0).end())
               ^^^^^^^^^^^^^^^^^^^^^^^^^^^^^^^^^^^^^^
  File "C:\Users\admin\AppData\Local\Programs\Python\Python312\Lib\json\decoder.py", line 354, in raw_decode
    obj, end = self.scan_once(s, idx)
               ^^^^^^^^^^^^^^^^^^^^^^
json.decoder.JSONDecodeError: Expecting property name enclosed in double quotes: line 1 column 3 (char 2)
2026-08-14 04:08:45,385 - WARNING - kronx - [req:system] - [store.py:49] - Saved corrupted memory file to C:\Users\admin\AppData\Local\Temp\tmpxeyg2jaa\test_memory_store.json.corrupt.1786669725
2026-08-14 04:08:45,389 - INFO - kronx - [req:652b9501] - [main.py:38] - Started POST "/api/payment/mobile-money/webhook"
2026-08-14 04:08:45,391 - INFO - kronx - [req:652b9501] - [main.py:251] - Payment verified for PJKRONX Plus: TZS 15,000 ref=tx_unique_ref_999
2026-08-14 04:08:45,391 - INFO - kronx - [req:652b9501] - [main.py:42] - Finished POST "/api/payment/mobile-money/webhook" status=200
2026-08-14 04:08:45,394 - INFO - kronx - [req:afafa0da] - [main.py:38] - Started POST "/api/payment/mobile-money/webhook"
2026-08-14 04:08:45,396 - INFO - kronx - [req:afafa0da] - [main.py:239] - Duplicate payment webhook received for reference_id=tx_unique_ref_999. Ignoring.
2026-08-14 04:08:45,396 - INFO - kronx - [req:afafa0da] - [main.py:42] - Finished POST "/api/payment/mobile-money/webhook" status=200
2026-08-14 04:08:45,402 - INFO - kronx - [req:test-req-123] - [main.py:38] - Started GET "/health"
2026-08-14 04:08:45,403 - INFO - kronx - [req:test-req-123] - [main.py:42] - Finished GET "/health" status=200
2026-08-14 04:08:45,407 - INFO - kronx - [req:cdcfa21a] - [main.py:38] - Started GET "/test-error-endpoint"
2026-08-14 04:08:45,410 - ERROR - kronx - [req:cdcfa21a] - [main.py:45] - Uncaught exception during request processing: Secret system error context
Traceback (most recent call last):
  File "C:\Users\admin\Desktop\Kron-X\backend\main.py", line 40, in request_id_middleware
    response = await call_next(request)
               ^^^^^^^^^^^^^^^^^^^^^^^^
  File "C:\Users\admin\AppData\Local\Programs\Python\Python312\Lib\site-packages\starlette\middleware\base.py", line 168, in call_next
    raise app_exc from app_exc.__cause__ or app_exc.__context__
  File "C:\Users\admin\AppData\Local\Programs\Python\Python312\Lib\site-packages\starlette\middleware\base.py", line 144, in coro
    await self.app(scope, receive_or_disconnect, send_no_error)
  File "C:\Users\admin\AppData\Local\Programs\Python\Python312\Lib\site-packages\starlette\middleware\exceptions.py", line 63, in __call__
    await wrap_app_handling_exceptions(self.app, conn)(scope, receive, send)
  File "C:\Users\admin\AppData\Local\Programs\Python\Python312\Lib\site-packages\starlette\_exception_handler.py", line 53, in wrapped_app
    raise exc
  File "C:\Users\admin\AppData\Local\Programs\Python\Python312\Lib\site-packages\starlette\_exception_handler.py", line 42, in wrapped_app
    await app(scope, receive, sender)
  File "C:\Users\admin\AppData\Local\Programs\Python\Python312\Lib\site-packages\fastapi\middleware\asyncexitstack.py", line 18, in __call__
    await self.app(scope, receive, send)
  File "C:\Users\admin\AppData\Local\Programs\Python\Python312\Lib\site-packages\starlette\routing.py", line 660, in __call__
    await self.middleware_stack(scope, receive, send)
  File "C:\Users\admin\AppData\Local\Programs\Python\Python312\Lib\site-packages\fastapi\routing.py", line 2734, in app
    await route.handle(scope, receive, send)
  File "C:\Users\admin\AppData\Local\Programs\Python\Python312\Lib\site-packages\fastapi\routing.py", line 1281, in handle
    await super().handle(scope, receive, send)
  File "C:\Users\admin\AppData\Local\Programs\Python\Python312\Lib\site-packages\starlette\routing.py", line 276, in handle
    await self.app(scope, receive, send)
  File "C:\Users\admin\AppData\Local\Programs\Python\Python312\Lib\site-packages\fastapi\routing.py", line 158, in app
    await wrap_app_handling_exceptions(app, request)(scope, receive, send)
  File "C:\Users\admin\AppData\Local\Programs\Python\Python312\Lib\site-packages\starlette\_exception_handler.py", line 53, in wrapped_app
    raise exc
  File "C:\Users\admin\AppData\Local\Programs\Python\Python312\Lib\site-packages\starlette\_exception_handler.py", line 42, in wrapped_app
    await app(scope, receive, sender)
  File "C:\Users\admin\AppData\Local\Programs\Python\Python312\Lib\site-packages\fastapi\routing.py", line 144, in app
    response = await f(request)
               ^^^^^^^^^^^^^^^^
  File "C:\Users\admin\AppData\Local\Programs\Python\Python312\Lib\site-packages\fastapi\routing.py", line 706, in app
    raw_response = await run_endpoint_function(
                   ^^^^^^^^^^^^^^^^^^^^^^^^^^^^
  File "C:\Users\admin\AppData\Local\Programs\Python\Python312\Lib\site-packages\fastapi\routing.py", line 354, in run_endpoint_function
    return await run_in_threadpool(dependant.call, **values)
           ^^^^^^^^^^^^^^^^^^^^^^^^^^^^^^^^^^^^^^^^^^^^^^^^^
  File "C:\Users\admin\AppData\Local\Programs\Python\Python312\Lib\site-packages\starlette\concurrency.py", line 34, in run_in_threadpool
    return await anyio.to_thread.run_sync(func)
           ^^^^^^^^^^^^^^^^^^^^^^^^^^^^^^^^^^^^
  File "C:\Users\admin\AppData\Local\Programs\Python\Python312\Lib\site-packages\anyio\to_thread.py", line 63, in run_sync
    return await get_async_backend().run_sync_in_worker_thread(
           ^^^^^^^^^^^^^^^^^^^^^^^^^^^^^^^^^^^^^^^^^^^^^^^^^^^^
  File "C:\Users\admin\AppData\Local\Programs\Python\Python312\Lib\site-packages\anyio\_backends\_asyncio.py", line 2518, in run_sync_in_worker_thread
    return await future
           ^^^^^^^^^^^^
  File "C:\Users\admin\AppData\Local\Programs\Python\Python312\Lib\site-packages\anyio\_backends\_asyncio.py", line 1002, in run
    result = context.run(func, *args)
             ^^^^^^^^^^^^^^^^^^^^^^^^
  File "C:\Users\admin\Desktop\Kron-X\backend\tests\test_foundation.py", line 279, in error_endpoint
    raise RuntimeError("Secret system error context")
RuntimeError: Secret system error context
2026-08-14 04:08:45,425 - INFO - kronx - [req:21a7fa42] - [main.py:38] - Started POST "/api/payment/mobile-money/webhook"
2026-08-14 04:08:45,425 - CRITICAL - kronx - [req:21a7fa42] - [main.py:228] - PAYMENT_WEBHOOK_SECRET is not configured in the environment. Webhook is locked down (Fail-Closed).
2026-08-14 04:08:45,426 - INFO - kronx - [req:21a7fa42] - [main.py:42] - Finished POST "/api/payment/mobile-money/webhook" status=500
2026-08-14 04:08:45,432 - INFO - kronx - [req:1775212d] - [main.py:38] - Started POST "/api/payment/mobile-money/webhook"
2026-08-14 04:08:45,433 - WARNING - kronx - [req:1775212d] - [main.py:233] - Unauthorized payment webhook request from phone=255700000000 ref=tx_ref_101
2026-08-14 04:08:45,433 - INFO - kronx - [req:1775212d] - [main.py:42] - Finished POST "/api/payment/mobile-money/webhook" status=401
2026-08-14 04:08:45,437 - INFO - kronx - [req:8e620582] - [main.py:38] - Started POST "/api/payment/mobile-money/webhook"
2026-08-14 04:08:45,438 - INFO - kronx - [req:8e620582] - [main.py:251] - Payment verified for PJKRONX Plus: TZS 15,000 ref=tx_ref_101
2026-08-14 04:08:45,438 - INFO - kronx - [req:8e620582] - [main.py:42] - Finished POST "/api/payment/mobile-money/webhook" status=200
2026-08-14 04:08:45,468 - INFO - kronx - [req:system] - [manager.py:67] - Registered workspace=ws_4c459f57 path=C:\Users\admin\AppData\Local\Temp\tmp5o5i_1g0\test_proj
2026-08-14 04:08:45,475 - INFO - kronx - [req:system] - [manager.py:100] - Queued scan job=scan_2e708145 for workspace=ws_4c459f57
2026-08-14 04:08:45,486 - INFO - kronx - [req:system] - [scanner.py:148] - Scan job cancelled cooperatively during directory traversal.
2026-08-14 04:08:45,489 - INFO - kronx - [req:system] - [manager.py:124] - Cancelled scan job=scan_2e708145
2026-08-14 04:08:45,517 - INFO - kronx - [req:system] - [manager.py:67] - Registered workspace=ws_1a0893a2 path=C:\Users\admin\AppData\Local\Temp\tmpcj20we41\test_proj
2026-08-14 04:08:45,523 - INFO - kronx - [req:system] - [manager.py:100] - Queued scan job=scan_8e58b6a9 for workspace=ws_1a0893a2
2026-08-14 04:08:45,547 - INFO - kronx - [req:system] - [manager.py:186] - Completed scan job=scan_8e58b6a9 successfully.
2026-08-14 04:08:45,658 - INFO - kronx - [req:system] - [manager.py:67] - Registered workspace=ws_ccb60e0d path=C:\Users\admin\AppData\Local\Temp\tmp18v9569t\test_proj
2026-08-14 04:08:45,665 - INFO - kronx - [req:system] - [manager.py:100] - Queued scan job=scan_5d4a86db for workspace=ws_ccb60e0d
2026-08-14 04:08:45,688 - INFO - kronx - [req:system] - [manager.py:186] - Completed scan job=scan_5d4a86db successfully.
2026-08-14 04:08:45,804 - INFO - kronx - [req:system] - [manager.py:67] - Registered workspace=ws_4aa90a9f path=C:\Users\admin\AppData\Local\Temp\tmppt68llym\test_proj
2026-08-14 04:08:45,811 - INFO - kronx - [req:system] - [manager.py:100] - Queued scan job=scan_f9af6cc6 for workspace=ws_4aa90a9f
2026-08-14 04:08:45,832 - INFO - kronx - [req:system] - [manager.py:186] - Completed scan job=scan_f9af6cc6 successfully.
2026-08-14 04:08:45,928 - INFO - kronx - [req:84989bfe] - [main.py:38] - Started POST "/api/workspace"
2026-08-14 04:08:45,958 - INFO - kronx - [req:84989bfe] - [manager.py:67] - Registered workspace=ws_90bf1aaa path=C:\Users\admin\AppData\Local\Temp\tmpdr4voiv_\test_proj
2026-08-14 04:08:45,959 - INFO - kronx - [req:84989bfe] - [main.py:42] - Finished POST "/api/workspace" status=200
2026-08-14 04:08:45,963 - INFO - kronx - [req:1b9b40f2] - [main.py:38] - Started POST "/api/workspace/scan"
2026-08-14 04:08:45,970 - INFO - kronx - [req:1b9b40f2] - [manager.py:100] - Queued scan job=scan_45e92a0c for workspace=ws_90bf1aaa
2026-08-14 04:08:45,971 - INFO - kronx - [req:1b9b40f2] - [main.py:42] - Finished POST "/api/workspace/scan" status=200
2026-08-14 04:08:45,979 - INFO - kronx - [req:dffece57] - [main.py:38] - Started GET "/api/workspace/scan/scan_45e92a0c"
2026-08-14 04:08:45,980 - INFO - kronx - [req:dffece57] - [main.py:42] - Finished GET "/api/workspace/scan/scan_45e92a0c" status=200
2026-08-14 04:08:45,990 - INFO - kronx - [req:f74dc729] - [main.py:38] - Started POST "/api/workspace/scan/scan_45e92a0c/cancel"
2026-08-14 04:08:45,999 - INFO - kronx - [req:system] - [manager.py:186] - Completed scan job=scan_45e92a0c successfully.
2026-08-14 04:08:46,006 - INFO - kronx - [req:f74dc729] - [manager.py:124] - Cancelled scan job=scan_45e92a0c
2026-08-14 04:08:46,006 - INFO - kronx - [req:f74dc729] - [main.py:42] - Finished POST "/api/workspace/scan/scan_45e92a0c/cancel" status=200
2026-08-14 04:08:46,072 - INFO - kronx - [req:system] - [manager.py:67] - Registered workspace=ws_9910949a path=C:\Users\admin\AppData\Local\Temp\tmphkmujz09\perf_project
2026-08-14 04:08:46,079 - INFO - kronx - [req:system] - [manager.py:100] - Queued scan job=scan_ee32fb8f for workspace=ws_9910949a
2026-08-14 04:08:46,104 - INFO - kronx - [req:system] - [manager.py:186] - Completed scan job=scan_ee32fb8f successfully.
2026-08-14 04:14:34,284 - INFO - kronx - [req:system] - [manager.py:67] - Registered workspace=ws_91149a51 path=C:\Users\admin\AppData\Local\Temp\tmp0_qra4mp\test_proj
2026-08-14 04:14:34,312 - INFO - kronx - [req:system] - [manager.py:67] - Registered workspace=ws_7faf501f path=C:\Users\admin\AppData\Local\Temp\tmp7te0xq0d\test_proj
2026-08-14 04:14:34,324 - INFO - kronx - [req:0e21d6ea] - [main.py:39] - Started POST "/api/tools/execute"
2026-08-14 04:14:34,348 - INFO - kronx - [req:0e21d6ea] - [main.py:43] - Finished POST "/api/tools/execute" status=403
2026-08-14 04:14:34,352 - INFO - kronx - [req:554352c5] - [main.py:39] - Started POST "/api/tools/execute"
2026-08-14 04:14:34,354 - INFO - kronx - [req:554352c5] - [main.py:43] - Finished POST "/api/tools/execute" status=403
2026-08-14 04:14:34,358 - INFO - kronx - [req:8f299dd6] - [main.py:39] - Started POST "/api/tools/execute"
2026-08-14 04:14:34,360 - INFO - kronx - [req:8f299dd6] - [main.py:43] - Finished POST "/api/tools/execute" status=403
2026-08-14 04:14:34,383 - INFO - kronx - [req:system] - [manager.py:67] - Registered workspace=ws_c7ea1bd0 path=C:\Users\admin\AppData\Local\Temp\tmpiw9utjyp\test_proj
2026-08-14 04:14:34,422 - INFO - kronx - [req:system] - [manager.py:67] - Registered workspace=ws_74be355f path=C:\Users\admin\AppData\Local\Temp\tmp2ncccozn\test_proj
2026-08-14 04:14:34,555 - INFO - kronx - [req:system] - [manager.py:67] - Registered workspace=ws_e57b47b0 path=C:\Users\admin\AppData\Local\Temp\tmpqhjjitlw\test_proj
2026-08-14 04:14:34,581 - INFO - kronx - [req:system] - [manager.py:67] - Registered workspace=ws_af40c46c path=C:\Users\admin\AppData\Local\Temp\tmphkbbaov2\test_proj
2026-08-14 04:14:34,621 - INFO - kronx - [req:system] - [manager.py:67] - Registered workspace=ws_29f83bf0 path=C:\Users\admin\AppData\Local\Temp\tmpbg21r047\test_proj
2026-08-14 04:14:34,649 - INFO - kronx - [req:system] - [manager.py:67] - Registered workspace=ws_6c931768 path=C:\Users\admin\AppData\Local\Temp\tmp9ujxxikz\test_proj
2026-08-14 04:14:34,685 - INFO - kronx - [req:system] - [manager.py:67] - Registered workspace=ws_36bc26de path=C:\Users\admin\AppData\Local\Temp\tmp5itw_qz5\test_proj
2026-08-14 04:14:34,718 - INFO - kronx - [req:system] - [manager.py:67] - Registered workspace=ws_9b620f4e path=C:\Users\admin\AppData\Local\Temp\tmp96u0lad5\test_proj
2026-08-14 04:14:34,744 - INFO - kronx - [req:system] - [manager.py:67] - Registered workspace=ws_4bbc68ca path=C:\Users\admin\AppData\Local\Temp\tmpqes_qveo\test_proj
2026-08-14 04:14:34,776 - INFO - kronx - [req:system] - [manager.py:67] - Registered workspace=ws_c45c98c4 path=C:\Users\admin\AppData\Local\Temp\tmppz0qxppd\test_proj
2026-08-14 04:14:34,805 - INFO - kronx - [req:system] - [manager.py:67] - Registered workspace=ws_95b5fc59 path=C:\Users\admin\AppData\Local\Temp\tmp8dlvzj0r\test_proj
2026-08-14 04:14:34,834 - INFO - kronx - [req:system] - [manager.py:67] - Registered workspace=ws_c4b4a3e3 path=C:\Users\admin\AppData\Local\Temp\tmp9hjkfrtf\test_proj
2026-08-14 04:14:34,861 - INFO - kronx - [req:system] - [manager.py:67] - Registered workspace=ws_f87de6a1 path=C:\Users\admin\AppData\Local\Temp\tmp474791hb\test_proj
2026-08-14 04:15:44,960 - INFO - kronx - [req:system] - [manager.py:67] - Registered workspace=ws_6a22946a path=C:\Users\admin\AppData\Local\Temp\tmpek1286n3\test_proj
2026-08-14 04:15:44,989 - INFO - kronx - [req:system] - [manager.py:67] - Registered workspace=ws_54b1044a path=C:\Users\admin\AppData\Local\Temp\tmpuqwyoebf\test_proj
2026-08-14 04:15:45,003 - INFO - kronx - [req:ff576cde] - [main.py:39] - Started POST "/api/tools/execute"
2026-08-14 04:15:45,028 - INFO - kronx - [req:ff576cde] - [main.py:43] - Finished POST "/api/tools/execute" status=403
2026-08-14 04:15:45,032 - INFO - kronx - [req:cf033533] - [main.py:39] - Started POST "/api/tools/execute"
2026-08-14 04:15:45,035 - INFO - kronx - [req:cf033533] - [main.py:43] - Finished POST "/api/tools/execute" status=403
2026-08-14 04:15:45,038 - INFO - kronx - [req:af65d1e4] - [main.py:39] - Started POST "/api/tools/execute"
2026-08-14 04:15:45,041 - INFO - kronx - [req:af65d1e4] - [main.py:43] - Finished POST "/api/tools/execute" status=403
2026-08-14 04:15:45,065 - INFO - kronx - [req:system] - [manager.py:67] - Registered workspace=ws_a624c7c3 path=C:\Users\admin\AppData\Local\Temp\tmppa3pa3j8\test_proj
2026-08-14 04:15:45,105 - INFO - kronx - [req:system] - [manager.py:67] - Registered workspace=ws_d1467d6f path=C:\Users\admin\AppData\Local\Temp\tmpkxkev4wf\test_proj
2026-08-14 04:15:45,266 - INFO - kronx - [req:system] - [manager.py:67] - Registered workspace=ws_122cba27 path=C:\Users\admin\AppData\Local\Temp\tmp7a0xsz84\test_proj
2026-08-14 04:15:45,293 - INFO - kronx - [req:system] - [manager.py:67] - Registered workspace=ws_dec34107 path=C:\Users\admin\AppData\Local\Temp\tmp74ju4t7d\test_proj
2026-08-14 04:15:45,323 - INFO - kronx - [req:system] - [manager.py:67] - Registered workspace=ws_eca32075 path=C:\Users\admin\AppData\Local\Temp\tmprp820t90\test_proj
2026-08-14 04:15:45,350 - INFO - kronx - [req:system] - [manager.py:67] - Registered workspace=ws_ab541d64 path=C:\Users\admin\AppData\Local\Temp\tmpui6jc3x_\test_proj
2026-08-14 04:15:45,378 - INFO - kronx - [req:system] - [manager.py:67] - Registered workspace=ws_c81823fa path=C:\Users\admin\AppData\Local\Temp\tmp21r45nft\test_proj
2026-08-14 04:15:45,405 - INFO - kronx - [req:system] - [manager.py:67] - Registered workspace=ws_71c177ca path=C:\Users\admin\AppData\Local\Temp\tmpastlf67b\test_proj
2026-08-14 04:15:45,429 - INFO - kronx - [req:system] - [manager.py:67] - Registered workspace=ws_369f342c path=C:\Users\admin\AppData\Local\Temp\tmp3li48xx2\test_proj
2026-08-14 04:15:45,456 - INFO - kronx - [req:system] - [manager.py:67] - Registered workspace=ws_da43f2b8 path=C:\Users\admin\AppData\Local\Temp\tmp19d3hamr\test_proj
2026-08-14 04:15:45,488 - INFO - kronx - [req:system] - [manager.py:67] - Registered workspace=ws_6c6bcac5 path=C:\Users\admin\AppData\Local\Temp\tmpla88hrt8\test_proj
2026-08-14 04:15:45,516 - INFO - kronx - [req:system] - [manager.py:67] - Registered workspace=ws_cf2bed37 path=C:\Users\admin\AppData\Local\Temp\tmppexws9qn\test_proj
2026-08-14 04:15:45,548 - INFO - kronx - [req:system] - [manager.py:67] - Registered workspace=ws_041fc002 path=C:\Users\admin\AppData\Local\Temp\tmpe1k4wp5j\test_proj
2026-08-14 04:16:03,666 - INFO - kronx - [req:b1fbd7fb] - [main.py:39] - Started GET "/health"
2026-08-14 04:16:03,676 - INFO - kronx - [req:b1fbd7fb] - [main.py:43] - Finished GET "/health" status=200
2026-08-14 04:16:03,681 - INFO - kronx - [req:d81c49b4] - [main.py:39] - Started GET "/health"
2026-08-14 04:16:03,683 - INFO - kronx - [req:d81c49b4] - [main.py:43] - Finished GET "/health" status=200
2026-08-14 04:16:03,686 - INFO - kronx - [req:system] - [http.py:10] - Initializing HTTP client connection pool...
2026-08-14 04:16:04,240 - ERROR - kronx - [req:system] - [store.py:44] - Memory store JSON corrupted: Expecting property name enclosed in double quotes: line 1 column 3 (char 2)
Traceback (most recent call last):
  File "C:\Users\admin\Desktop\Kron-X\backend\memory\store.py", line 42, in _load_under_lock
    self._cache = json.load(f)
                  ^^^^^^^^^^^^
  File "C:\Users\admin\AppData\Local\Programs\Python\Python312\Lib\json\__init__.py", line 293, in load
    return loads(fp.read(),
           ^^^^^^^^^^^^^^^^
  File "C:\Users\admin\AppData\Local\Programs\Python\Python312\Lib\json\__init__.py", line 346, in loads
    return _default_decoder.decode(s)
           ^^^^^^^^^^^^^^^^^^^^^^^^^^
  File "C:\Users\admin\AppData\Local\Programs\Python\Python312\Lib\json\decoder.py", line 338, in decode
    obj, end = self.raw_decode(s, idx=_w(s, 0).end())
               ^^^^^^^^^^^^^^^^^^^^^^^^^^^^^^^^^^^^^^
  File "C:\Users\admin\AppData\Local\Programs\Python\Python312\Lib\json\decoder.py", line 354, in raw_decode
    obj, end = self.scan_once(s, idx)
               ^^^^^^^^^^^^^^^^^^^^^^
json.decoder.JSONDecodeError: Expecting property name enclosed in double quotes: line 1 column 3 (char 2)
2026-08-14 04:16:04,243 - WARNING - kronx - [req:system] - [store.py:49] - Saved corrupted memory file to C:\Users\admin\AppData\Local\Temp\tmp4vq5hnuk\test_memory_store.json.corrupt.1786670164
2026-08-14 04:16:04,248 - INFO - kronx - [req:9bb8d948] - [main.py:39] - Started POST "/api/payment/mobile-money/webhook"
2026-08-14 04:16:04,250 - INFO - kronx - [req:9bb8d948] - [main.py:254] - Payment verified for PJKRONX Plus: TZS 15,000 ref=tx_unique_ref_999
2026-08-14 04:16:04,250 - INFO - kronx - [req:9bb8d948] - [main.py:43] - Finished POST "/api/payment/mobile-money/webhook" status=200
2026-08-14 04:16:04,255 - INFO - kronx - [req:0a2a3c0d] - [main.py:39] - Started POST "/api/payment/mobile-money/webhook"
2026-08-14 04:16:04,256 - INFO - kronx - [req:0a2a3c0d] - [main.py:242] - Duplicate payment webhook received for reference_id=tx_unique_ref_999. Ignoring.
2026-08-14 04:16:04,256 - INFO - kronx - [req:0a2a3c0d] - [main.py:43] - Finished POST "/api/payment/mobile-money/webhook" status=200
2026-08-14 04:16:04,262 - INFO - kronx - [req:test-req-123] - [main.py:39] - Started GET "/health"
2026-08-14 04:16:04,264 - INFO - kronx - [req:test-req-123] - [main.py:43] - Finished GET "/health" status=200
2026-08-14 04:16:04,268 - INFO - kronx - [req:5d07e5c7] - [main.py:39] - Started GET "/test-error-endpoint"
2026-08-14 04:16:04,270 - ERROR - kronx - [req:5d07e5c7] - [main.py:46] - Uncaught exception during request processing: Secret system error context
Traceback (most recent call last):
  File "C:\Users\admin\Desktop\Kron-X\backend\main.py", line 41, in request_id_middleware
    response = await call_next(request)
               ^^^^^^^^^^^^^^^^^^^^^^^^
  File "C:\Users\admin\AppData\Local\Programs\Python\Python312\Lib\site-packages\starlette\middleware\base.py", line 168, in call_next
    raise app_exc from app_exc.__cause__ or app_exc.__context__
  File "C:\Users\admin\AppData\Local\Programs\Python\Python312\Lib\site-packages\starlette\middleware\base.py", line 144, in coro
    await self.app(scope, receive_or_disconnect, send_no_error)
  File "C:\Users\admin\AppData\Local\Programs\Python\Python312\Lib\site-packages\starlette\middleware\exceptions.py", line 63, in __call__
    await wrap_app_handling_exceptions(self.app, conn)(scope, receive, send)
  File "C:\Users\admin\AppData\Local\Programs\Python\Python312\Lib\site-packages\starlette\_exception_handler.py", line 53, in wrapped_app
    raise exc
  File "C:\Users\admin\AppData\Local\Programs\Python\Python312\Lib\site-packages\starlette\_exception_handler.py", line 42, in wrapped_app
    await app(scope, receive, sender)
  File "C:\Users\admin\AppData\Local\Programs\Python\Python312\Lib\site-packages\fastapi\middleware\asyncexitstack.py", line 18, in __call__
    await self.app(scope, receive, send)
  File "C:\Users\admin\AppData\Local\Programs\Python\Python312\Lib\site-packages\starlette\routing.py", line 660, in __call__
    await self.middleware_stack(scope, receive, send)
  File "C:\Users\admin\AppData\Local\Programs\Python\Python312\Lib\site-packages\fastapi\routing.py", line 2734, in app
    await route.handle(scope, receive, send)
  File "C:\Users\admin\AppData\Local\Programs\Python\Python312\Lib\site-packages\fastapi\routing.py", line 1281, in handle
    await super().handle(scope, receive, send)
  File "C:\Users\admin\AppData\Local\Programs\Python\Python312\Lib\site-packages\starlette\routing.py", line 276, in handle
    await self.app(scope, receive, send)
  File "C:\Users\admin\AppData\Local\Programs\Python\Python312\Lib\site-packages\fastapi\routing.py", line 158, in app
    await wrap_app_handling_exceptions(app, request)(scope, receive, send)
  File "C:\Users\admin\AppData\Local\Programs\Python\Python312\Lib\site-packages\starlette\_exception_handler.py", line 53, in wrapped_app
    raise exc
  File "C:\Users\admin\AppData\Local\Programs\Python\Python312\Lib\site-packages\starlette\_exception_handler.py", line 42, in wrapped_app
    await app(scope, receive, sender)
  File "C:\Users\admin\AppData\Local\Programs\Python\Python312\Lib\site-packages\fastapi\routing.py", line 144, in app
    response = await f(request)
               ^^^^^^^^^^^^^^^^
  File "C:\Users\admin\AppData\Local\Programs\Python\Python312\Lib\site-packages\fastapi\routing.py", line 706, in app
    raw_response = await run_endpoint_function(
                   ^^^^^^^^^^^^^^^^^^^^^^^^^^^^
  File "C:\Users\admin\AppData\Local\Programs\Python\Python312\Lib\site-packages\fastapi\routing.py", line 354, in run_endpoint_function
    return await run_in_threadpool(dependant.call, **values)
           ^^^^^^^^^^^^^^^^^^^^^^^^^^^^^^^^^^^^^^^^^^^^^^^^^
  File "C:\Users\admin\AppData\Local\Programs\Python\Python312\Lib\site-packages\starlette\concurrency.py", line 34, in run_in_threadpool
    return await anyio.to_thread.run_sync(func)
           ^^^^^^^^^^^^^^^^^^^^^^^^^^^^^^^^^^^^
  File "C:\Users\admin\AppData\Local\Programs\Python\Python312\Lib\site-packages\anyio\to_thread.py", line 63, in run_sync
    return await get_async_backend().run_sync_in_worker_thread(
           ^^^^^^^^^^^^^^^^^^^^^^^^^^^^^^^^^^^^^^^^^^^^^^^^^^^^
  File "C:\Users\admin\AppData\Local\Programs\Python\Python312\Lib\site-packages\anyio\_backends\_asyncio.py", line 2518, in run_sync_in_worker_thread
    return await future
           ^^^^^^^^^^^^
  File "C:\Users\admin\AppData\Local\Programs\Python\Python312\Lib\site-packages\anyio\_backends\_asyncio.py", line 1002, in run
    result = context.run(func, *args)
             ^^^^^^^^^^^^^^^^^^^^^^^^
  File "C:\Users\admin\Desktop\Kron-X\backend\tests\test_foundation.py", line 279, in error_endpoint
    raise RuntimeError("Secret system error context")
RuntimeError: Secret system error context
2026-08-14 04:16:04,285 - INFO - kronx - [req:042a7347] - [main.py:39] - Started POST "/api/payment/mobile-money/webhook"
2026-08-14 04:16:04,286 - CRITICAL - kronx - [req:042a7347] - [main.py:231] - PAYMENT_WEBHOOK_SECRET is not configured in the environment. Webhook is locked down (Fail-Closed).
2026-08-14 04:16:04,286 - INFO - kronx - [req:042a7347] - [main.py:43] - Finished POST "/api/payment/mobile-money/webhook" status=500
2026-08-14 04:16:04,292 - INFO - kronx - [req:e032d8ed] - [main.py:39] - Started POST "/api/payment/mobile-money/webhook"
2026-08-14 04:16:04,293 - WARNING - kronx - [req:e032d8ed] - [main.py:236] - Unauthorized payment webhook request from phone=255700000000 ref=tx_ref_101
2026-08-14 04:16:04,293 - INFO - kronx - [req:e032d8ed] - [main.py:43] - Finished POST "/api/payment/mobile-money/webhook" status=401
2026-08-14 04:16:04,296 - INFO - kronx - [req:7a957dfb] - [main.py:39] - Started POST "/api/payment/mobile-money/webhook"
2026-08-14 04:16:04,298 - INFO - kronx - [req:7a957dfb] - [main.py:254] - Payment verified for PJKRONX Plus: TZS 15,000 ref=tx_ref_101
2026-08-14 04:16:04,298 - INFO - kronx - [req:7a957dfb] - [main.py:43] - Finished POST "/api/payment/mobile-money/webhook" status=200
2026-08-14 04:16:04,320 - INFO - kronx - [req:system] - [manager.py:67] - Registered workspace=ws_27c09381 path=C:\Users\admin\AppData\Local\Temp\tmpamccwkzz\test_proj
2026-08-14 04:16:04,346 - INFO - kronx - [req:system] - [manager.py:67] - Registered workspace=ws_f9346e13 path=C:\Users\admin\AppData\Local\Temp\tmp8esebtnl\test_proj
2026-08-14 04:16:04,351 - INFO - kronx - [req:b4c81330] - [main.py:39] - Started POST "/api/tools/execute"
2026-08-14 04:16:04,364 - INFO - kronx - [req:b4c81330] - [main.py:43] - Finished POST "/api/tools/execute" status=403
2026-08-14 04:16:04,368 - INFO - kronx - [req:066bcbe8] - [main.py:39] - Started POST "/api/tools/execute"
2026-08-14 04:16:04,370 - INFO - kronx - [req:066bcbe8] - [main.py:43] - Finished POST "/api/tools/execute" status=403
2026-08-14 04:16:04,374 - INFO - kronx - [req:89e55ff5] - [main.py:39] - Started POST "/api/tools/execute"
2026-08-14 04:16:04,376 - INFO - kronx - [req:89e55ff5] - [main.py:43] - Finished POST "/api/tools/execute" status=403
2026-08-14 04:16:04,388 - INFO - kronx - [req:system] - [manager.py:67] - Registered workspace=ws_35bfa148 path=C:\Users\admin\AppData\Local\Temp\tmpik1hmamt\test_proj
2026-08-14 04:16:04,428 - INFO - kronx - [req:system] - [manager.py:67] - Registered workspace=ws_fb284bdb path=C:\Users\admin\AppData\Local\Temp\tmpq4k9nhhx\test_proj
2026-08-14 04:16:04,558 - INFO - kronx - [req:system] - [manager.py:67] - Registered workspace=ws_208f35ff path=C:\Users\admin\AppData\Local\Temp\tmpyuta50e2\test_proj
2026-08-14 04:16:04,589 - INFO - kronx - [req:system] - [manager.py:67] - Registered workspace=ws_07a23a1b path=C:\Users\admin\AppData\Local\Temp\tmpfycxop1o\test_proj
2026-08-14 04:16:04,617 - INFO - kronx - [req:system] - [manager.py:67] - Registered workspace=ws_1d2e441a path=C:\Users\admin\AppData\Local\Temp\tmpmno28ge8\test_proj
2026-08-14 04:16:04,643 - INFO - kronx - [req:system] - [manager.py:67] - Registered workspace=ws_594ebd7d path=C:\Users\admin\AppData\Local\Temp\tmprjidl568\test_proj
2026-08-14 04:16:04,672 - INFO - kronx - [req:system] - [manager.py:67] - Registered workspace=ws_00eaa455 path=C:\Users\admin\AppData\Local\Temp\tmppikb6qea\test_proj
2026-08-14 04:16:04,700 - INFO - kronx - [req:system] - [manager.py:67] - Registered workspace=ws_4d374892 path=C:\Users\admin\AppData\Local\Temp\tmpp5rrrgvr\test_proj
2026-08-14 04:16:04,732 - INFO - kronx - [req:system] - [manager.py:67] - Registered workspace=ws_19ffbb16 path=C:\Users\admin\AppData\Local\Temp\tmptoy8_hxj\test_proj
2026-08-14 04:16:04,761 - INFO - kronx - [req:system] - [manager.py:67] - Registered workspace=ws_885f6c2d path=C:\Users\admin\AppData\Local\Temp\tmpxruea8h1\test_proj
2026-08-14 04:16:04,791 - INFO - kronx - [req:system] - [manager.py:67] - Registered workspace=ws_2a20e6d3 path=C:\Users\admin\AppData\Local\Temp\tmpzqojqfla\test_proj
2026-08-14 04:16:04,819 - INFO - kronx - [req:system] - [manager.py:67] - Registered workspace=ws_c3657270 path=C:\Users\admin\AppData\Local\Temp\tmp483mnvib\test_proj
2026-08-14 04:16:04,845 - INFO - kronx - [req:system] - [manager.py:67] - Registered workspace=ws_1ddc51c7 path=C:\Users\admin\AppData\Local\Temp\tmpi7wdlsc2\test_proj
2026-08-14 04:16:04,873 - INFO - kronx - [req:system] - [manager.py:67] - Registered workspace=ws_13466ed6 path=C:\Users\admin\AppData\Local\Temp\tmpc2gmig2k\test_proj
2026-08-14 04:16:04,884 - INFO - kronx - [req:system] - [manager.py:100] - Queued scan job=scan_163a3110 for workspace=ws_13466ed6
2026-08-14 04:16:04,892 - INFO - kronx - [req:system] - [scanner.py:148] - Scan job cancelled cooperatively during directory traversal.
2026-08-14 04:16:04,897 - INFO - kronx - [req:system] - [manager.py:124] - Cancelled scan job=scan_163a3110
2026-08-14 04:16:04,931 - INFO - kronx - [req:system] - [manager.py:67] - Registered workspace=ws_655f1777 path=C:\Users\admin\AppData\Local\Temp\tmp33qg2qvc\test_proj
2026-08-14 04:16:04,940 - INFO - kronx - [req:system] - [manager.py:100] - Queued scan job=scan_9815246e for workspace=ws_655f1777
2026-08-14 04:16:04,969 - INFO - kronx - [req:system] - [manager.py:186] - Completed scan job=scan_9815246e successfully.
2026-08-14 04:16:05,085 - INFO - kronx - [req:system] - [manager.py:67] - Registered workspace=ws_829281c7 path=C:\Users\admin\AppData\Local\Temp\tmpven7_m2b\test_proj
2026-08-14 04:16:05,097 - INFO - kronx - [req:system] - [manager.py:100] - Queued scan job=scan_3ccb068a for workspace=ws_829281c7
2026-08-14 04:16:05,129 - INFO - kronx - [req:system] - [manager.py:186] - Completed scan job=scan_3ccb068a successfully.
2026-08-14 04:16:05,271 - INFO - kronx - [req:system] - [manager.py:67] - Registered workspace=ws_dcf64ef6 path=C:\Users\admin\AppData\Local\Temp\tmp47yet0s4\test_proj
2026-08-14 04:16:05,282 - INFO - kronx - [req:system] - [manager.py:100] - Queued scan job=scan_bf73fd6b for workspace=ws_dcf64ef6
2026-08-14 04:16:05,311 - INFO - kronx - [req:system] - [manager.py:186] - Completed scan job=scan_bf73fd6b successfully.
2026-08-14 04:16:05,402 - INFO - kronx - [req:edb04fc8] - [main.py:39] - Started POST "/api/workspace"
2026-08-14 04:16:05,430 - INFO - kronx - [req:edb04fc8] - [manager.py:67] - Registered workspace=ws_5ad15b57 path=C:\Users\admin\AppData\Local\Temp\tmpgw73dw5x\test_proj
2026-08-14 04:16:05,430 - INFO - kronx - [req:edb04fc8] - [main.py:43] - Finished POST "/api/workspace" status=200
2026-08-14 04:16:05,435 - INFO - kronx - [req:fa800300] - [main.py:39] - Started POST "/api/workspace/scan"
2026-08-14 04:16:05,444 - INFO - kronx - [req:fa800300] - [manager.py:100] - Queued scan job=scan_cf6f6cef for workspace=ws_5ad15b57
2026-08-14 04:16:05,445 - INFO - kronx - [req:fa800300] - [main.py:43] - Finished POST "/api/workspace/scan" status=200
2026-08-14 04:16:05,455 - INFO - kronx - [req:7ac69bfe] - [main.py:39] - Started GET "/api/workspace/scan/scan_cf6f6cef"
2026-08-14 04:16:05,458 - INFO - kronx - [req:7ac69bfe] - [main.py:43] - Finished GET "/api/workspace/scan/scan_cf6f6cef" status=200
2026-08-14 04:16:05,466 - INFO - kronx - [req:955df362] - [main.py:39] - Started POST "/api/workspace/scan/scan_cf6f6cef/cancel"
2026-08-14 04:16:05,479 - INFO - kronx - [req:system] - [manager.py:186] - Completed scan job=scan_cf6f6cef successfully.
2026-08-14 04:16:05,488 - INFO - kronx - [req:955df362] - [manager.py:124] - Cancelled scan job=scan_cf6f6cef
2026-08-14 04:16:05,489 - INFO - kronx - [req:955df362] - [main.py:43] - Finished POST "/api/workspace/scan/scan_cf6f6cef/cancel" status=200
2026-08-14 04:16:24,043 - INFO - kronx - [req:system] - [manager.py:67] - Registered workspace=ws_67b21418 path=C:\Users\admin\AppData\Local\Temp\tmpxfazri7g\perf_proj
